2026-07-01 23:47:58 INFO  __main__ | === teacher_finetune (SpeciesNet classifier) training run ===
2026-07-01 23:47:58 INFO  __main__ | run_name=teacher-finetune-smoke-20260701-234758 experiment=teacher-finetune-speciesnet225
2026-07-01 23:47:58 INFO  __main__ | mlflow tracking_uri=(unset)
2026-07-01 23:47:58 INFO  __main__ | run dir: /app/scripts/training/teacher_finetune/model_exports/teacher-finetune-smoke-20260701-234758
2026-07-01 23:47:58 INFO  __main__ | log file: /app/scripts/training/teacher_finetune/model_exports/teacher-finetune-smoke-20260701-234758/teacher-finetune-smoke-20260701-234758.log
2026-07-01 23:47:59 INFO  __main__ | seed=42 device=cuda epochs=1 smoke=True
2026-07-01 23:48:22 INFO  absl | Loading model from /root/.cache/kagglehub/models/google/speciesnet/pyTorch/v4.0.3a/1/always_crop_99710272_22x8_v12_epoch_00148.pt.
2026-07-01 23:48:23 INFO  absl | Loaded SpeciesNetClassifier in 23.75 seconds on CUDA.
2026-07-01 23:48:23 INFO  scripts.training.teacher_finetune.teacher_model | froze 245/490 parameter tensors (fraction=0.50), 245 trainable
2026-07-01 23:48:23 INFO  scripts.training.teacher_finetune.teacher_model | model: speciesnet-classifier, nc=2498, params=52.71M (43.55M trainable), device=cuda
2026-07-01 23:48:23 INFO  scripts.training.teacher_finetune.dataset | dataset annotations_val.json: 12519 crops, 225 classes
2026-07-01 23:48:24 INFO  scripts.training.teacher_finetune.dataset | dataset annotations_val.json: 12519 crops, 225 classes
2026-07-01 23:48:24 INFO  scripts.training.teacher_finetune.dataset | dataset annotations_val.json: 12519 crops, 225 classes
2026-07-01 23:48:24 INFO  scripts.training.teacher_finetune.teacher_model | optimizer=AdamW lr=0.0001 weight_decay=0.0001 | trainable params=245
2026-07-01 23:48:24 INFO  scripts.training.teacher_finetune.teacher_model | scheduler: linear warmup 3 epochs (in loop) → ReduceLROnPlateau(mode=max, factor=0.5, patience=5, min_lr=1e-06, threshold=0.001 abs)
2026-07-01 23:48:24 INFO  absl | Loading model from /root/.cache/kagglehub/models/google/speciesnet/pyTorch/v4.0.3a/1/always_crop_99710272_22x8_v12_epoch_00148.pt.
2026-07-01 23:48:25 INFO  absl | Loaded SpeciesNetClassifier in 1.51 seconds on CUDA.
2026-07-01 23:48:25 WARNING scripts.training.teacher_finetune.loss | 11 idx_225 classes have an EMPTY leaf group (no matching SpeciesNet leaf class) — samples with these labels are excluded from the loss (ignore_index-style), not treated as NaN. idx_225 set: [27, 74, 79, 120, 126, 164, 182, 188, 191, 212, 223]. See this module's docstring for the full class list/framing.
2026-07-01 23:48:25 INFO  scripts.training.teacher_finetune.loss | GroupedCrossEntropyLoss: 171 single-member groups (plain CE fast path), 43 multi-member groups (grouped CE), 11 empty (ignored)
2026-07-01 23:48:25 INFO  __main__ | run config:
2026-07-01 23:48:25 INFO  __main__ |   ANNOTATIONS_TEST = /app/data/real/annotations_test.json
2026-07-01 23:48:25 INFO  __main__ |   ANNOTATIONS_TRAIN = /app/data/real/annotations_train.json
2026-07-01 23:48:25 INFO  __main__ |   ANNOTATIONS_VAL = /app/data/real/annotations_val.json
2026-07-01 23:48:25 INFO  __main__ |   BATCH_SIZE = 4
2026-07-01 23:48:25 INFO  __main__ |   CLASSES_225_PATH = /app/reports/classes_225.csv
2026-07-01 23:48:25 INFO  __main__ |   DATA_ROOT = /app/data
2026-07-01 23:48:25 INFO  __main__ |   EARLY_STOP = True
2026-07-01 23:48:25 INFO  __main__ |   EARLY_STOP_MIN_DELTA = 0.001
2026-07-01 23:48:25 INFO  __main__ |   EARLY_STOP_PATIENCE = 15
2026-07-01 23:48:25 INFO  __main__ |   EPOCH_COUNT = 100
2026-07-01 23:48:25 INFO  __main__ |   FREEZE_PARAM_FRACTION = 0.5
2026-07-01 23:48:25 INFO  __main__ |   IMAGE_ROOT = /app
2026-07-01 23:48:25 INFO  __main__ |   IMAGE_SIZE = 480
2026-07-01 23:48:25 INFO  __main__ |   LEARNING_RATE = 0.0001
2026-07-01 23:48:25 INFO  __main__ |   MLFLOW_EXPERIMENT_DEFAULT = teacher-finetune-speciesnet225
2026-07-01 23:48:25 INFO  __main__ |   MLFLOW_LOG_EVERY_N_STEPS = 50
2026-07-01 23:48:25 INFO  __main__ |   NUM_CLASSES_225 = 225
2026-07-01 23:48:25 INFO  __main__ |   NUM_CLASSES_LEAF = 2498
2026-07-01 23:48:25 INFO  __main__ |   NUM_WORKERS = 8
2026-07-01 23:48:25 INFO  __main__ |   OPTIMIZER = AdamW
2026-07-01 23:48:25 INFO  __main__ |   OUTPUT_DIR = /app/scripts/training/teacher_finetune/model_exports
2026-07-01 23:48:25 INFO  __main__ |   PLATEAU_FACTOR = 0.5
2026-07-01 23:48:25 INFO  __main__ |   PLATEAU_MIN_LR = 1e-06
2026-07-01 23:48:25 INFO  __main__ |   PLATEAU_PATIENCE = 5
2026-07-01 23:48:25 INFO  __main__ |   REPO_ROOT = /app
2026-07-01 23:48:25 INFO  __main__ |   SEED = 42
2026-07-01 23:48:25 INFO  __main__ |   SELECTION_METRIC = f1_macro
2026-07-01 23:48:25 INFO  __main__ |   TAXONOMY_PATH = /app/resources/speciesnet_taxonomy_release.txt
2026-07-01 23:48:25 INFO  __main__ |   USE_AMP = True
2026-07-01 23:48:25 INFO  __main__ |   USE_EMA = True
2026-07-01 23:48:25 INFO  __main__ |   WARMUP_EPOCHS = 3
2026-07-01 23:48:25 INFO  __main__ |   WEIGHT_DECAY = 0.0001
2026-07-01 23:48:25 INFO  __main__ |   dataset_size_test = 12519
2026-07-01 23:48:25 INFO  __main__ |   dataset_size_train = 12519
2026-07-01 23:48:25 INFO  __main__ |   dataset_size_val = 12519
2026-07-01 23:48:25 INFO  __main__ |   device = cuda
2026-07-01 23:48:25 INFO  __main__ |   epochs_actual = 1
2026-07-01 23:48:25 INFO  __main__ |   git_sha = 
2026-07-01 23:48:25 INFO  __main__ |   smoke = True
2026-07-01 23:48:26 INFO  scripts.training.teacher_finetune.training_pipeline | output dir: /app/scripts/training/teacher_finetune/model_exports/teacher-finetune-smoke-20260701-234758 | selection_metric=f1_macro early_stop=True(patience=15, min_delta=0.001) ema=True amp=True
2026-07-01 23:48:26 INFO  scripts.training.teacher_finetune.training_pipeline | starting training: ceiling=1 epochs | train_batches=3129 val_batches=3130 test_batches=3130 | device=cuda
2026-07-01 23:48:26 INFO  scripts.training.teacher_finetune.training_pipeline | epoch 1/1 — train start (lr=3.33333e-05, batches=3129)
2026-07-01 23:49:45 INFO  scripts.training.teacher_finetune.training_pipeline | step 50 | loss_grouped_ce=0.0110 lr=3.33333e-05
2026-07-01 23:50:58 INFO  scripts.training.teacher_finetune.training_pipeline | step 100 | loss_grouped_ce=0.5885 lr=3.33333e-05
2026-07-01 23:52:11 INFO  scripts.training.teacher_finetune.training_pipeline | step 150 | loss_grouped_ce=3.2288 lr=3.33333e-05
2026-07-01 23:53:23 INFO  scripts.training.teacher_finetune.training_pipeline | step 200 | loss_grouped_ce=0.4860 lr=3.33333e-05
2026-07-01 23:54:27 INFO  scripts.training.teacher_finetune.training_pipeline | step 250 | loss_grouped_ce=2.1483 lr=3.33333e-05
2026-07-01 23:55:34 INFO  scripts.training.teacher_finetune.training_pipeline | step 300 | loss_grouped_ce=0.2373 lr=3.33333e-05
2026-07-01 23:56:32 INFO  scripts.training.teacher_finetune.training_pipeline | step 350 | loss_grouped_ce=2.5131 lr=3.33333e-05
2026-07-01 23:57:28 INFO  scripts.training.teacher_finetune.training_pipeline | step 400 | loss_grouped_ce=1.3826 lr=3.33333e-05
2026-07-01 23:58:19 INFO  scripts.training.teacher_finetune.training_pipeline | step 450 | loss_grouped_ce=1.2741 lr=3.33333e-05
