2026-07-13 22:19:22 INFO  __main__ | === yolo26n training run ===
2026-07-13 22:19:22 INFO  __main__ | run_name=yolo26n-smoke-20260713-221921 experiment=yolo26n-wildlife225
2026-07-13 22:19:22 INFO  __main__ | mlflow tracking_uri=http://hetzner.taile550ef.ts.net:5000/
2026-07-13 22:19:22 INFO  __main__ | run dir: /home/ubuntu/Master-Thesis/scripts/training/yolo26n/model_exports/yolo26n-smoke-20260713-221921
2026-07-13 22:19:22 INFO  __main__ | log file: /home/ubuntu/Master-Thesis/scripts/training/yolo26n/model_exports/yolo26n-smoke-20260713-221921/yolo26n-smoke-20260713-221921.log
2026-07-13 22:19:22 INFO  __main__ | seed=42 device=cuda epochs=1 smoke=True kd=False init_from=coco
2026-07-13 22:19:22 INFO  scripts.training.yolov5s.dataset | dataset annotations_val.json: 12545 images, 12519 annotations, 225 classes
2026-07-13 22:19:22 INFO  scripts.training.yolov5s.dataset | dataset annotations_val.json: 12545 images, 12519 annotations, 225 classes
2026-07-13 22:19:23 INFO  scripts.training.yolov5s.dataset | dataset annotations_val.json: 12545 images, 12519 annotations, 225 classes
2026-07-13 22:19:23 INFO  scripts.training.yolo26n.yolo26n_model | loaded 606/708 keys from /home/ubuntu/Master-Thesis/weights/yolo26n.pt (skipped 102 shape-mismatched)
2026-07-13 22:19:25 INFO  scripts.training.yolo26n.yolo26n_model | model: yolo26n, nc=225, params=2.71M, device=cuda
2026-07-13 22:19:25 INFO  scripts.training.yolov5s.yolov5s_model | optimizer=SGD lr=0.001 | param groups: g0(BN,no-decay)=114 g1(conv,decay=0.0005)=126 g2(bias,no-decay)=126
2026-07-13 22:19:25 INFO  scripts.training.yolov5s.yolov5s_model | scheduler: OneCycleLR(max_lr=0.01, total_steps=392, pct_start=0.015, div_factor=10, final_div_factor=100) — stepped per batch
2026-07-13 22:19:25 INFO  __main__ | run config:
2026-07-13 22:19:25 INFO  __main__ |   ANNOTATIONS_TEST = /home/ubuntu/Master-Thesis/data/real/annotations_test.json
2026-07-13 22:19:25 INFO  __main__ |   ANNOTATIONS_TRAIN = /home/ubuntu/Master-Thesis/data/real/annotations_train.json
2026-07-13 22:19:25 INFO  __main__ |   ANNOTATIONS_VAL = /home/ubuntu/Master-Thesis/data/real/annotations_val.json
2026-07-13 22:19:25 INFO  __main__ |   AUG_CLOSE_MOSAIC = 0
2026-07-13 22:19:25 INFO  __main__ |   AUG_COPY_PASTE = 0.0
2026-07-13 22:19:25 INFO  __main__ |   AUG_DEGREES = 0.0
2026-07-13 22:19:25 INFO  __main__ |   AUG_FLIPUD = 0.0
2026-07-13 22:19:25 INFO  __main__ |   AUG_HFLIP = True
2026-07-13 22:19:25 INFO  __main__ |   AUG_HSV = True
2026-07-13 22:19:25 INFO  __main__ |   AUG_HSV_H = 0.015
2026-07-13 22:19:25 INFO  __main__ |   AUG_HSV_S = 0.7
2026-07-13 22:19:25 INFO  __main__ |   AUG_HSV_V = 0.4
2026-07-13 22:19:25 INFO  __main__ |   AUG_MIXUP = 0.0
2026-07-13 22:19:25 INFO  __main__ |   AUG_MOSAIC = 0.0
2026-07-13 22:19:25 INFO  __main__ |   AUG_PERSPECTIVE = 0.0
2026-07-13 22:19:25 INFO  __main__ |   AUG_SCALE = 0.5
2026-07-13 22:19:25 INFO  __main__ |   AUG_SHEAR = 0.0
2026-07-13 22:19:25 INFO  __main__ |   AUG_TRANSLATE = 0.1
2026-07-13 22:19:25 INFO  __main__ |   BATCH_SIZE = 32
2026-07-13 22:19:25 INFO  __main__ |   DATA_ROOT = /home/ubuntu/Master-Thesis/data
2026-07-13 22:19:25 INFO  __main__ |   EARLY_STOP = True
2026-07-13 22:19:25 INFO  __main__ |   EARLY_STOP_MIN_DELTA = 0.001
2026-07-13 22:19:25 INFO  __main__ |   EARLY_STOP_PATIENCE = 20
2026-07-13 22:19:25 INFO  __main__ |   EPOCH_COUNT = 200
2026-07-13 22:19:25 INFO  __main__ |   EVAL_CONF_THRES = 0.001
2026-07-13 22:19:25 INFO  __main__ |   EVAL_IOU_THRES = 0.6
2026-07-13 22:19:25 INFO  __main__ |   EVAL_MAX_DET = 100
2026-07-13 22:19:25 INFO  __main__ |   HYP_BOX = 7.5
2026-07-13 22:19:25 INFO  __main__ |   HYP_CLS = 0.5
2026-07-13 22:19:25 INFO  __main__ |   HYP_DFL = 1.5
2026-07-13 22:19:25 INFO  __main__ |   IMAGE_ROOT = /home/ubuntu/Master-Thesis
2026-07-13 22:19:25 INFO  __main__ |   IMAGE_SIZE = 640
2026-07-13 22:19:25 INFO  __main__ |   KD_ALPHA = 0.5
2026-07-13 22:19:25 INFO  __main__ |   KD_APPLY_TO = one2one
2026-07-13 22:19:25 INFO  __main__ |   KD_TEMPERATURE = 4.0
2026-07-13 22:19:25 INFO  __main__ |   LEARNING_RATE = 0.001
2026-07-13 22:19:25 INFO  __main__ |   MLFLOW_EXPERIMENT_DEFAULT = yolo26n-wildlife225
2026-07-13 22:19:25 INFO  __main__ |   MLFLOW_LOG_EVERY_N_STEPS = 50
2026-07-13 22:19:25 INFO  __main__ |   MODEL_CONFIG = yolo26n.yaml
2026-07-13 22:19:25 INFO  __main__ |   MOMENTUM = 0.937
2026-07-13 22:19:25 INFO  __main__ |   NESTEROV = True
2026-07-13 22:19:25 INFO  __main__ |   NUM_CLASSES = 225
2026-07-13 22:19:25 INFO  __main__ |   NUM_WORKERS = 8
2026-07-13 22:19:25 INFO  __main__ |   ONE_CYCLE_DIV_FACTOR = 10.0
2026-07-13 22:19:25 INFO  __main__ |   ONE_CYCLE_FINAL_DIV_FACTOR = 100.0
2026-07-13 22:19:25 INFO  __main__ |   ONE_CYCLE_MAX_LR = 0.01
2026-07-13 22:19:25 INFO  __main__ |   ONE_CYCLE_PCT_START = 0.015
2026-07-13 22:19:25 INFO  __main__ |   OPTIMIZER = SGD
2026-07-13 22:19:25 INFO  __main__ |   OUTPUT_DIR = /home/ubuntu/Master-Thesis/scripts/training/yolo26n/model_exports
2026-07-13 22:19:25 INFO  __main__ |   PRETRAINED_WEIGHTS = /home/ubuntu/Master-Thesis/weights/yolo26n.pt
2026-07-13 22:19:25 INFO  __main__ |   REPO_ROOT = /home/ubuntu/Master-Thesis
2026-07-13 22:19:25 INFO  __main__ |   SEED = 42
2026-07-13 22:19:25 INFO  __main__ |   SELECTION_METRIC = mAP50_95
2026-07-13 22:19:25 INFO  __main__ |   USE_AMP = True
2026-07-13 22:19:25 INFO  __main__ |   USE_EMA = True
2026-07-13 22:19:25 INFO  __main__ |   WARMUP_EPOCHS = 3
2026-07-13 22:19:25 INFO  __main__ |   WEIGHT_DECAY = 0.0005
2026-07-13 22:19:25 INFO  __main__ |   dataset_size_test = 12545
2026-07-13 22:19:25 INFO  __main__ |   dataset_size_train = 12545
2026-07-13 22:19:25 INFO  __main__ |   dataset_size_val = 12545
2026-07-13 22:19:25 INFO  __main__ |   device = cuda
2026-07-13 22:19:25 INFO  __main__ |   epochs_actual = 1
2026-07-13 22:19:25 INFO  __main__ |   git_sha = 34e06d35c023bc7fdab24c002769b1d4bd697c97
2026-07-13 22:19:25 INFO  __main__ |   init_from = coco
2026-07-13 22:19:25 INFO  __main__ |   kd = False
2026-07-13 22:19:25 INFO  __main__ |   resume_from = 
2026-07-13 22:19:25 INFO  __main__ |   smoke = True
2026-07-13 22:19:25 INFO  __main__ |   weights_path = /home/ubuntu/Master-Thesis/weights/yolo26n.pt
2026-07-13 22:19:25 INFO  scripts.training.yolov5s.training_pipeline | output dir: /home/ubuntu/Master-Thesis/scripts/training/yolo26n/model_exports/yolo26n-smoke-20260713-221921 | selection_metric=mAP50_95 early_stop=True(patience=20, min_delta=0.001) ema=True amp=True
2026-07-13 22:19:25 INFO  scripts.training.yolov5s.training_pipeline | starting training: ceiling=1 epochs | train_batches=392 val_batches=393 test_batches=393 | device=cuda
2026-07-13 22:19:25 INFO  scripts.training.yolov5s.training_pipeline | epoch 1/1 — train start (lr=0.001, batches=392)
2026-07-13 22:20:36 INFO  scripts.training.yolov5s.training_pipeline | step 50 | loss_box=2.3933 loss_cls=8.7203 loss_dfl=0.0500 loss_total=317.7821 lr=0.00965243
2026-07-13 22:21:26 INFO  scripts.training.yolov5s.training_pipeline | step 100 | loss_box=2.3206 loss_cls=7.1669 loss_dfl=0.0608 loss_total=296.7200 lr=0.00854876
2026-07-13 22:22:24 INFO  scripts.training.yolov5s.training_pipeline | step 150 | loss_box=2.0061 loss_cls=6.9450 loss_dfl=0.0513 loss_total=290.0666 lr=0.00686664
2026-07-13 22:23:22 INFO  scripts.training.yolov5s.training_pipeline | step 200 | loss_box=2.3122 loss_cls=6.8027 loss_dfl=0.0432 loss_total=287.2268 lr=0.00488065
2026-07-13 22:24:20 INFO  scripts.training.yolov5s.training_pipeline | step 250 | loss_box=2.2116 loss_cls=6.8701 loss_dfl=0.0464 loss_total=278.0900 lr=0.00291496
2026-07-13 22:25:16 INFO  scripts.training.yolov5s.training_pipeline | step 300 | loss_box=2.0711 loss_cls=6.7780 loss_dfl=0.0439 loss_total=275.1971 lr=0.00129042
2026-07-13 22:26:08 INFO  scripts.training.yolov5s.training_pipeline | step 350 | loss_box=2.3813 loss_cls=6.7500 loss_dfl=0.0428 loss_total=290.2259 lr=0.000272207
2026-07-13 22:26:50 INFO  scripts.training.yolov5s.training_pipeline | epoch 1/1 — train done in 444.8s | avg loss_box=2.2602 loss_cls=7.7639 loss_dfl=0.0498 loss_total=294.4854
2026-07-13 22:26:50 INFO  scripts.training.yolov5s.evaluation | evaluating on 393 batches
2026-07-13 22:31:44 INFO  scripts.training.yolov5s.training_pipeline | epoch 1/1 — val mAP50=0.0000 mAP50_95=0.0000 (selection mAP50_95=0.0000)
2026-07-13 22:31:45 INFO  scripts.training.yolov5s.evaluation | mlflow: logged val/mAP50=0.0000 val/mAP50_95=0.0000 (step=0)
2026-07-13 22:31:45 INFO  scripts.training.yolov5s.evaluation | mlflow: logged val per-class AP table (175 classes)
2026-07-13 22:31:46 INFO  scripts.training.yolov5s.training_pipeline | saved checkpoint: /home/ubuntu/Master-Thesis/scripts/training/yolo26n/model_exports/yolo26n-smoke-20260713-221921/best.pt
2026-07-13 22:31:46 INFO  scripts.training.yolov5s.training_pipeline | new best mAP50_95=0.0000 at epoch 1
2026-07-13 22:31:46 INFO  scripts.training.yolov5s.training_pipeline | saved checkpoint: /home/ubuntu/Master-Thesis/scripts/training/yolo26n/model_exports/yolo26n-smoke-20260713-221921/last.pt
2026-07-13 22:31:46 INFO  scripts.training.yolov5s.training_pipeline | epoch 1/1 done — next lr=1.01653e-05, epochs_since_improve=0/20
2026-07-13 22:31:46 INFO  scripts.training.yolov5s.training_pipeline | saved checkpoint: /home/ubuntu/Master-Thesis/scripts/training/yolo26n/model_exports/yolo26n-smoke-20260713-221921/last.pt
2026-07-13 22:31:46 INFO  scripts.training.yolov5s.training_pipeline | training finished — loading best.pt for final test evaluation
2026-07-13 22:31:46 INFO  scripts.training.yolov5s.training_pipeline | loaded best.pt (mAP50_95=0.0000 @ epoch 0)
2026-07-13 22:31:46 INFO  scripts.training.yolov5s.evaluation | evaluating on 393 batches
2026-07-13 22:36:50 INFO  scripts.training.yolov5s.training_pipeline | test mAP50=0.0000 mAP50_95=0.0000
2026-07-13 22:36:51 INFO  scripts.training.yolov5s.evaluation | mlflow: logged test/mAP50=0.0000 test/mAP50_95=0.0000 (step=None)
2026-07-13 22:36:51 INFO  scripts.training.yolov5s.evaluation | mlflow: logged test per-class AP table (175 classes)
2026-07-13 22:37:07 INFO  scripts.training.yolov5s.training_pipeline | uploaded checkpoints to MLflow
2026-07-13 22:37:08 INFO  __main__ | uploaded log artifact: /home/ubuntu/Master-Thesis/scripts/training/yolo26n/model_exports/yolo26n-smoke-20260713-221921/yolo26n-smoke-20260713-221921.log
