2026-09-08 03:44:15 INFO  __main__ | === teacher_finetune (SpeciesNet classifier) training run ===
2026-09-08 03:44:15 INFO  __main__ | run_name=teacher-finetune-probe-ff0.75-20260908-034413 experiment=teacher-finetune-speciesnet225
2026-09-08 03:44:15 INFO  __main__ | mlflow tracking_uri=http://hetzner.taile550ef.ts.net:5000/
2026-09-08 03:44:15 INFO  __main__ | run dir: /app/scripts/training/teacher_finetune/model_exports/teacher-finetune-probe-ff0.75-20260908-034413
2026-09-08 03:44:15 INFO  __main__ | log file: /app/scripts/training/teacher_finetune/model_exports/teacher-finetune-probe-ff0.75-20260908-034413/teacher-finetune-probe-ff0.75-20260908-034413.log
2026-09-08 03:44:16 INFO  __main__ | seed=42 device=cuda epochs=5 smoke=False
2026-09-08 03:44:18 INFO  absl | Loading model from /root/.cache/kagglehub/models/google/speciesnet/pyTorch/v4.0.3a/1/always_crop_99710272_22x8_v12_epoch_00148.pt.
2026-09-08 03:44:19 INFO  absl | Loaded SpeciesNetClassifier in 1.52 seconds on CUDA.
2026-09-08 03:44:19 INFO  scripts.training.teacher_finetune.teacher_model | froze 367/490 parameter tensors (fraction=0.75), 123 trainable
2026-09-08 03:44:19 INFO  scripts.training.teacher_finetune.teacher_model | model: speciesnet-classifier, nc=2498, params=52.71M (28.18M trainable), device=cuda
2026-09-08 03:44:21 INFO  scripts.training.teacher_finetune.dataset | dataset annotations_train.json: 187705 crops, 225 classes
2026-09-08 03:44:21 INFO  scripts.training.teacher_finetune.dataset | dataset annotations_val.json: 19732 crops, 225 classes
2026-09-08 03:44:22 INFO  scripts.training.teacher_finetune.dataset | dataset annotations_test.json: 92094 crops, 225 classes
2026-09-08 03:44:22 INFO  scripts.training.teacher_finetune.teacher_model | optimizer=AdamW lr=0.0001 weight_decay=0.0001 | trainable params=123
2026-09-08 03:44:22 INFO  scripts.training.teacher_finetune.teacher_model | scheduler: OneCycleLR(max_lr=0.0003, total_steps=29325, pct_start=0.03, div_factor=10, final_div_factor=100) — stepped per batch
2026-09-08 03:44:22 INFO  absl | Loading model from /root/.cache/kagglehub/models/google/speciesnet/pyTorch/v4.0.3a/1/always_crop_99710272_22x8_v12_epoch_00148.pt.
2026-09-08 03:44:23 INFO  absl | Loaded SpeciesNetClassifier in 0.52 seconds on CUDA.
2026-09-08 03:44:23 WARNING scripts.training.teacher_finetune.loss | 11 idx_225 classes have an EMPTY leaf group (no matching SpeciesNet leaf class) — samples with these labels are excluded from the loss (ignore_index-style), not treated as NaN. idx_225 set: [27, 74, 79, 120, 126, 164, 182, 188, 191, 212, 223]. See this module's docstring for the full class list/framing.
2026-09-08 03:44:23 INFO  scripts.training.teacher_finetune.loss | GroupedCrossEntropyLoss: 171 single-member groups (plain CE fast path), 43 multi-member groups (grouped CE), 11 empty (ignored)
2026-09-08 03:44:23 INFO  __main__ | run config:
2026-09-08 03:44:23 INFO  __main__ |   ANNOTATIONS_TEST = /app/data/real/annotations_test.json
2026-09-08 03:44:23 INFO  __main__ |   ANNOTATIONS_TRAIN = /app/data/real/annotations_train.json
2026-09-08 03:44:23 INFO  __main__ |   ANNOTATIONS_VAL = /app/data/real/annotations_val.json
2026-09-08 03:44:23 INFO  __main__ |   BATCH_SIZE = 32
2026-09-08 03:44:23 INFO  __main__ |   CLASSES_225_PATH = /app/reports/classes_225.csv
2026-09-08 03:44:23 INFO  __main__ |   DATA_ROOT = /app/data
2026-09-08 03:44:23 INFO  __main__ |   EARLY_STOP = True
2026-09-08 03:44:23 INFO  __main__ |   EARLY_STOP_MIN_DELTA = 0.001
2026-09-08 03:44:23 INFO  __main__ |   EARLY_STOP_PATIENCE = 15
2026-09-08 03:44:23 INFO  __main__ |   EPOCH_COUNT = 100
2026-09-08 03:44:23 INFO  __main__ |   FREEZE_PARAM_FRACTION = 0.75
2026-09-08 03:44:23 INFO  __main__ |   IMAGE_ROOT = /app
2026-09-08 03:44:23 INFO  __main__ |   IMAGE_SIZE = 480
2026-09-08 03:44:23 INFO  __main__ |   LEARNING_RATE = 0.0001
2026-09-08 03:44:23 INFO  __main__ |   MLFLOW_EXPERIMENT_DEFAULT = teacher-finetune-speciesnet225
2026-09-08 03:44:23 INFO  __main__ |   MLFLOW_LOG_EVERY_N_STEPS = 50
2026-09-08 03:44:23 INFO  __main__ |   NUM_CLASSES_225 = 225
2026-09-08 03:44:23 INFO  __main__ |   NUM_CLASSES_LEAF = 2498
2026-09-08 03:44:23 INFO  __main__ |   NUM_WORKERS = 8
2026-09-08 03:44:23 INFO  __main__ |   ONE_CYCLE_DIV_FACTOR = 10.0
2026-09-08 03:44:23 INFO  __main__ |   ONE_CYCLE_FINAL_DIV_FACTOR = 100.0
2026-09-08 03:44:23 INFO  __main__ |   ONE_CYCLE_MAX_LR = 0.0003
2026-09-08 03:44:23 INFO  __main__ |   ONE_CYCLE_PCT_START = 0.03
2026-09-08 03:44:23 INFO  __main__ |   OPTIMIZER = AdamW
2026-09-08 03:44:23 INFO  __main__ |   OUTPUT_DIR = /app/scripts/training/teacher_finetune/model_exports
2026-09-08 03:44:23 INFO  __main__ |   REPO_ROOT = /app
2026-09-08 03:44:23 INFO  __main__ |   SEED = 42
2026-09-08 03:44:23 INFO  __main__ |   SELECTION_METRIC = f1_macro
2026-09-08 03:44:23 INFO  __main__ |   TAXONOMY_PATH = /app/resources/speciesnet_taxonomy_release.txt
2026-09-08 03:44:23 INFO  __main__ |   USE_AMP = True
2026-09-08 03:44:23 INFO  __main__ |   USE_EMA = True
2026-09-08 03:44:23 INFO  __main__ |   WARMUP_EPOCHS = 3
2026-09-08 03:44:23 INFO  __main__ |   WEIGHT_DECAY = 0.0001
2026-09-08 03:44:23 INFO  __main__ |   dataset_size_test = 92094
2026-09-08 03:44:23 INFO  __main__ |   dataset_size_train = 187705
2026-09-08 03:44:23 INFO  __main__ |   dataset_size_val = 19732
2026-09-08 03:44:23 INFO  __main__ |   device = cuda
2026-09-08 03:44:23 INFO  __main__ |   epochs_actual = 5
2026-09-08 03:44:23 INFO  __main__ |   git_sha = 
2026-09-08 03:44:23 INFO  __main__ |   resume_from = 
2026-09-08 03:44:23 INFO  __main__ |   smoke = False
2026-09-08 03:44:23 INFO  scripts.training.teacher_finetune.training_pipeline | output dir: /app/scripts/training/teacher_finetune/model_exports/teacher-finetune-probe-ff0.75-20260908-034413 | selection_metric=f1_macro early_stop=True(patience=15, min_delta=0.001) ema=True amp=True
2026-09-08 03:44:23 INFO  scripts.training.teacher_finetune.training_pipeline | starting training: ceiling=5 epochs | train_batches=5865 val_batches=617 test_batches=2878 | device=cuda
2026-09-08 03:44:23 INFO  scripts.training.teacher_finetune.training_pipeline | epoch 1/5 — train start (lr=3e-05, batches=5865)
2026-09-08 03:44:59 INFO  scripts.training.teacher_finetune.training_pipeline | step 50 | loss_grouped_ce=1.1046 lr=3.22377e-05
2026-09-08 03:45:22 INFO  scripts.training.teacher_finetune.training_pipeline | step 100 | loss_grouped_ce=1.1870 lr=3.87055e-05
2026-09-08 03:45:46 INFO  scripts.training.teacher_finetune.training_pipeline | step 150 | loss_grouped_ce=0.8230 lr=4.91979e-05
2026-09-08 03:46:08 INFO  scripts.training.teacher_finetune.training_pipeline | step 200 | loss_grouped_ce=0.6866 lr=6.33807e-05
2026-09-08 03:46:23 INFO  scripts.training.teacher_finetune.training_pipeline | step 250 | loss_grouped_ce=0.5741 lr=8.08019e-05
2026-09-08 03:46:38 INFO  scripts.training.teacher_finetune.training_pipeline | step 300 | loss_grouped_ce=0.4316 lr=0.000100906
2026-09-08 03:46:54 INFO  scripts.training.teacher_finetune.training_pipeline | step 350 | loss_grouped_ce=0.9363 lr=0.000123053
2026-09-08 03:47:15 INFO  scripts.training.teacher_finetune.training_pipeline | step 400 | loss_grouped_ce=0.8294 lr=0.000146537
2026-09-08 03:47:33 INFO  scripts.training.teacher_finetune.training_pipeline | step 450 | loss_grouped_ce=1.1917 lr=0.000170609
2026-09-08 03:47:50 INFO  scripts.training.teacher_finetune.training_pipeline | step 500 | loss_grouped_ce=1.2869 lr=0.000194502
2026-09-08 03:48:11 INFO  scripts.training.teacher_finetune.training_pipeline | step 550 | loss_grouped_ce=1.7540 lr=0.000217455
2026-09-08 03:48:28 INFO  scripts.training.teacher_finetune.training_pipeline | step 600 | loss_grouped_ce=0.5351 lr=0.000238737
2026-09-08 03:48:48 INFO  scripts.training.teacher_finetune.training_pipeline | step 650 | loss_grouped_ce=0.6986 lr=0.000257669
2026-09-08 03:49:05 INFO  scripts.training.teacher_finetune.training_pipeline | step 700 | loss_grouped_ce=1.7504 lr=0.000273647
2026-09-08 03:49:25 INFO  scripts.training.teacher_finetune.training_pipeline | step 750 | loss_grouped_ce=1.6381 lr=0.000286163
2026-09-08 03:49:46 INFO  scripts.training.teacher_finetune.training_pipeline | step 800 | loss_grouped_ce=1.1770 lr=0.000294818
2026-09-08 03:50:06 INFO  scripts.training.teacher_finetune.training_pipeline | step 850 | loss_grouped_ce=0.9173 lr=0.000299336
2026-09-08 03:50:28 INFO  scripts.training.teacher_finetune.training_pipeline | step 900 | loss_grouped_ce=1.3621 lr=0.0003
2026-09-08 03:50:43 INFO  scripts.training.teacher_finetune.training_pipeline | step 950 | loss_grouped_ce=0.7395 lr=0.000299995
2026-09-08 03:50:58 INFO  scripts.training.teacher_finetune.training_pipeline | step 1000 | loss_grouped_ce=0.9861 lr=0.000299986
2026-09-08 03:51:19 INFO  scripts.training.teacher_finetune.training_pipeline | step 1050 | loss_grouped_ce=0.6681 lr=0.000299973
2026-09-08 03:51:41 INFO  scripts.training.teacher_finetune.training_pipeline | step 1100 | loss_grouped_ce=0.9215 lr=0.000299955
2026-09-08 03:52:04 INFO  scripts.training.teacher_finetune.training_pipeline | step 1150 | loss_grouped_ce=1.4132 lr=0.000299932
2026-09-08 03:52:21 INFO  scripts.training.teacher_finetune.training_pipeline | step 1200 | loss_grouped_ce=0.6407 lr=0.000299905
2026-09-08 03:52:41 INFO  scripts.training.teacher_finetune.training_pipeline | step 1250 | loss_grouped_ce=1.1567 lr=0.000299873
2026-09-08 03:53:00 INFO  scripts.training.teacher_finetune.training_pipeline | step 1300 | loss_grouped_ce=0.7029 lr=0.000299837
2026-09-08 03:53:19 INFO  scripts.training.teacher_finetune.training_pipeline | step 1350 | loss_grouped_ce=0.8956 lr=0.000299796
2026-09-08 03:53:44 INFO  scripts.training.teacher_finetune.training_pipeline | step 1400 | loss_grouped_ce=3.3243 lr=0.000299751
2026-09-08 03:54:00 INFO  scripts.training.teacher_finetune.training_pipeline | step 1450 | loss_grouped_ce=0.9622 lr=0.000299701
2026-09-08 03:54:22 INFO  scripts.training.teacher_finetune.training_pipeline | step 1500 | loss_grouped_ce=0.7186 lr=0.000299646
2026-09-08 03:54:38 INFO  scripts.training.teacher_finetune.training_pipeline | step 1550 | loss_grouped_ce=0.3147 lr=0.000299587
2026-09-08 03:55:02 INFO  scripts.training.teacher_finetune.training_pipeline | step 1600 | loss_grouped_ce=1.0661 lr=0.000299524
2026-09-08 03:55:19 INFO  scripts.training.teacher_finetune.training_pipeline | step 1650 | loss_grouped_ce=0.3617 lr=0.000299455
2026-09-08 03:55:34 INFO  scripts.training.teacher_finetune.training_pipeline | step 1700 | loss_grouped_ce=0.7497 lr=0.000299383
2026-09-08 03:55:49 INFO  scripts.training.teacher_finetune.training_pipeline | step 1750 | loss_grouped_ce=0.9313 lr=0.000299305
2026-09-08 03:56:12 INFO  scripts.training.teacher_finetune.training_pipeline | step 1800 | loss_grouped_ce=0.8973 lr=0.000299223
2026-09-08 03:56:30 INFO  scripts.training.teacher_finetune.training_pipeline | step 1850 | loss_grouped_ce=0.7466 lr=0.000299137
2026-09-08 03:56:50 INFO  scripts.training.teacher_finetune.training_pipeline | step 1900 | loss_grouped_ce=1.0064 lr=0.000299046
2026-09-08 03:57:12 INFO  scripts.training.teacher_finetune.training_pipeline | step 1950 | loss_grouped_ce=0.5610 lr=0.00029895
2026-09-08 03:57:30 INFO  scripts.training.teacher_finetune.training_pipeline | step 2000 | loss_grouped_ce=1.0733 lr=0.00029885
2026-09-08 03:57:56 INFO  scripts.training.teacher_finetune.training_pipeline | step 2050 | loss_grouped_ce=0.9000 lr=0.000298746
2026-09-08 03:58:16 INFO  scripts.training.teacher_finetune.training_pipeline | step 2100 | loss_grouped_ce=0.2118 lr=0.000298637
2026-09-08 03:58:41 INFO  scripts.training.teacher_finetune.training_pipeline | step 2150 | loss_grouped_ce=1.4408 lr=0.000298523
2026-09-08 03:59:03 INFO  scripts.training.teacher_finetune.training_pipeline | step 2200 | loss_grouped_ce=0.6930 lr=0.000298405
2026-09-08 03:59:18 INFO  scripts.training.teacher_finetune.training_pipeline | step 2250 | loss_grouped_ce=0.9496 lr=0.000298282
2026-09-08 03:59:39 INFO  scripts.training.teacher_finetune.training_pipeline | step 2300 | loss_grouped_ce=0.7798 lr=0.000298155
2026-09-08 04:00:02 INFO  scripts.training.teacher_finetune.training_pipeline | step 2350 | loss_grouped_ce=0.8332 lr=0.000298023
2026-09-08 04:00:25 INFO  scripts.training.teacher_finetune.training_pipeline | step 2400 | loss_grouped_ce=0.4514 lr=0.000297887
2026-09-08 04:00:48 INFO  scripts.training.teacher_finetune.training_pipeline | step 2450 | loss_grouped_ce=0.5338 lr=0.000297746
2026-09-08 04:01:03 INFO  scripts.training.teacher_finetune.training_pipeline | step 2500 | loss_grouped_ce=0.6928 lr=0.000297601
2026-09-08 04:01:27 INFO  scripts.training.teacher_finetune.training_pipeline | step 2550 | loss_grouped_ce=0.2392 lr=0.000297452
2026-09-08 04:01:48 INFO  scripts.training.teacher_finetune.training_pipeline | step 2600 | loss_grouped_ce=0.8800 lr=0.000297297
2026-09-08 04:02:05 INFO  scripts.training.teacher_finetune.training_pipeline | step 2650 | loss_grouped_ce=0.8290 lr=0.000297139
2026-09-08 04:02:28 INFO  scripts.training.teacher_finetune.training_pipeline | step 2700 | loss_grouped_ce=0.4614 lr=0.000296975
2026-09-08 04:02:45 INFO  scripts.training.teacher_finetune.training_pipeline | step 2750 | loss_grouped_ce=0.4210 lr=0.000296808
2026-09-08 04:03:07 INFO  scripts.training.teacher_finetune.training_pipeline | step 2800 | loss_grouped_ce=0.3718 lr=0.000296636
2026-09-08 04:03:23 INFO  scripts.training.teacher_finetune.training_pipeline | step 2850 | loss_grouped_ce=0.3917 lr=0.000296459
2026-09-08 04:03:41 INFO  scripts.training.teacher_finetune.training_pipeline | step 2900 | loss_grouped_ce=0.7103 lr=0.000296278
2026-09-08 04:04:01 INFO  scripts.training.teacher_finetune.training_pipeline | step 2950 | loss_grouped_ce=0.9612 lr=0.000296093
2026-09-08 04:04:25 INFO  scripts.training.teacher_finetune.training_pipeline | step 3000 | loss_grouped_ce=0.3757 lr=0.000295903
2026-09-08 04:04:48 INFO  scripts.training.teacher_finetune.training_pipeline | step 3050 | loss_grouped_ce=0.3724 lr=0.000295708
2026-09-08 04:05:09 INFO  scripts.training.teacher_finetune.training_pipeline | step 3100 | loss_grouped_ce=0.2187 lr=0.000295509
2026-09-08 04:05:25 INFO  scripts.training.teacher_finetune.training_pipeline | step 3150 | loss_grouped_ce=0.7527 lr=0.000295306
2026-09-08 04:05:41 INFO  scripts.training.teacher_finetune.training_pipeline | step 3200 | loss_grouped_ce=0.7221 lr=0.000295098
2026-09-08 04:06:01 INFO  scripts.training.teacher_finetune.training_pipeline | step 3250 | loss_grouped_ce=0.2927 lr=0.000294886
2026-09-08 04:06:19 INFO  scripts.training.teacher_finetune.training_pipeline | step 3300 | loss_grouped_ce=0.7027 lr=0.00029467
2026-09-08 04:06:33 INFO  scripts.training.teacher_finetune.training_pipeline | step 3350 | loss_grouped_ce=0.4536 lr=0.000294449
2026-09-08 04:06:50 INFO  scripts.training.teacher_finetune.training_pipeline | step 3400 | loss_grouped_ce=0.3658 lr=0.000294223
2026-09-08 04:07:15 INFO  scripts.training.teacher_finetune.training_pipeline | step 3450 | loss_grouped_ce=0.5273 lr=0.000293994
2026-09-08 04:07:39 INFO  scripts.training.teacher_finetune.training_pipeline | step 3500 | loss_grouped_ce=0.4325 lr=0.00029376
2026-09-08 04:08:03 INFO  scripts.training.teacher_finetune.training_pipeline | step 3550 | loss_grouped_ce=0.6169 lr=0.000293521
2026-09-08 04:08:27 INFO  scripts.training.teacher_finetune.training_pipeline | step 3600 | loss_grouped_ce=0.2926 lr=0.000293278
2026-09-08 04:08:47 INFO  scripts.training.teacher_finetune.training_pipeline | step 3650 | loss_grouped_ce=0.3709 lr=0.000293031
2026-09-08 04:09:08 INFO  scripts.training.teacher_finetune.training_pipeline | step 3700 | loss_grouped_ce=0.5357 lr=0.000292779
2026-09-08 04:09:31 INFO  scripts.training.teacher_finetune.training_pipeline | step 3750 | loss_grouped_ce=0.5850 lr=0.000292523
2026-09-08 04:09:47 INFO  scripts.training.teacher_finetune.training_pipeline | step 3800 | loss_grouped_ce=0.7967 lr=0.000292263
2026-09-08 04:10:06 INFO  scripts.training.teacher_finetune.training_pipeline | step 3850 | loss_grouped_ce=0.2534 lr=0.000291998
2026-09-08 04:10:23 INFO  scripts.training.teacher_finetune.training_pipeline | step 3900 | loss_grouped_ce=0.4747 lr=0.000291729
2026-09-08 04:10:39 INFO  scripts.training.teacher_finetune.training_pipeline | step 3950 | loss_grouped_ce=0.1596 lr=0.000291456
2026-09-08 04:10:54 INFO  scripts.training.teacher_finetune.training_pipeline | step 4000 | loss_grouped_ce=0.1855 lr=0.000291179
2026-09-08 04:11:10 INFO  scripts.training.teacher_finetune.training_pipeline | step 4050 | loss_grouped_ce=0.8192 lr=0.000290897
2026-09-08 04:11:27 INFO  scripts.training.teacher_finetune.training_pipeline | step 4100 | loss_grouped_ce=0.2087 lr=0.000290611
2026-09-08 04:11:46 INFO  scripts.training.teacher_finetune.training_pipeline | step 4150 | loss_grouped_ce=0.7609 lr=0.00029032
2026-09-08 04:12:03 INFO  scripts.training.teacher_finetune.training_pipeline | step 4200 | loss_grouped_ce=0.4600 lr=0.000290025
2026-09-08 04:12:25 INFO  scripts.training.teacher_finetune.training_pipeline | step 4250 | loss_grouped_ce=0.4688 lr=0.000289726
2026-09-08 04:12:45 INFO  scripts.training.teacher_finetune.training_pipeline | step 4300 | loss_grouped_ce=0.1652 lr=0.000289423
2026-09-08 04:13:09 INFO  scripts.training.teacher_finetune.training_pipeline | step 4350 | loss_grouped_ce=0.1402 lr=0.000289116
2026-09-08 04:13:27 INFO  scripts.training.teacher_finetune.training_pipeline | step 4400 | loss_grouped_ce=0.3679 lr=0.000288804
2026-09-08 04:13:50 INFO  scripts.training.teacher_finetune.training_pipeline | step 4450 | loss_grouped_ce=0.6138 lr=0.000288488
2026-09-08 04:14:14 INFO  scripts.training.teacher_finetune.training_pipeline | step 4500 | loss_grouped_ce=0.3324 lr=0.000288168
2026-09-08 04:14:37 INFO  scripts.training.teacher_finetune.training_pipeline | step 4550 | loss_grouped_ce=0.6708 lr=0.000287843
2026-09-08 04:14:52 INFO  scripts.training.teacher_finetune.training_pipeline | step 4600 | loss_grouped_ce=0.4707 lr=0.000287515
2026-09-08 04:15:07 INFO  scripts.training.teacher_finetune.training_pipeline | step 4650 | loss_grouped_ce=0.4765 lr=0.000287182
2026-09-08 04:15:24 INFO  scripts.training.teacher_finetune.training_pipeline | step 4700 | loss_grouped_ce=0.4991 lr=0.000286845
2026-09-08 04:15:41 INFO  scripts.training.teacher_finetune.training_pipeline | step 4750 | loss_grouped_ce=0.2967 lr=0.000286504
2026-09-08 04:15:56 INFO  scripts.training.teacher_finetune.training_pipeline | step 4800 | loss_grouped_ce=0.6781 lr=0.000286159
2026-09-08 04:16:18 INFO  scripts.training.teacher_finetune.training_pipeline | step 4850 | loss_grouped_ce=0.9206 lr=0.000285809
2026-09-08 04:16:32 INFO  scripts.training.teacher_finetune.training_pipeline | step 4900 | loss_grouped_ce=0.3159 lr=0.000285456
2026-09-08 04:16:55 INFO  scripts.training.teacher_finetune.training_pipeline | step 4950 | loss_grouped_ce=0.0413 lr=0.000285098
2026-09-08 04:17:11 INFO  scripts.training.teacher_finetune.training_pipeline | step 5000 | loss_grouped_ce=0.2415 lr=0.000284736
2026-09-08 04:17:28 INFO  scripts.training.teacher_finetune.training_pipeline | step 5050 | loss_grouped_ce=0.6973 lr=0.00028437
2026-09-08 04:17:45 INFO  scripts.training.teacher_finetune.training_pipeline | step 5100 | loss_grouped_ce=0.6554 lr=0.000284
2026-09-08 04:18:08 INFO  scripts.training.teacher_finetune.training_pipeline | step 5150 | loss_grouped_ce=0.6109 lr=0.000283626
2026-09-08 04:18:28 INFO  scripts.training.teacher_finetune.training_pipeline | step 5200 | loss_grouped_ce=0.3959 lr=0.000283248
2026-09-08 04:18:44 INFO  scripts.training.teacher_finetune.training_pipeline | step 5250 | loss_grouped_ce=0.2169 lr=0.000282866
2026-09-08 04:19:05 INFO  scripts.training.teacher_finetune.training_pipeline | step 5300 | loss_grouped_ce=0.4592 lr=0.00028248
2026-09-08 04:19:27 INFO  scripts.training.teacher_finetune.training_pipeline | step 5350 | loss_grouped_ce=0.6710 lr=0.000282089
2026-09-08 04:19:48 INFO  scripts.training.teacher_finetune.training_pipeline | step 5400 | loss_grouped_ce=0.5144 lr=0.000281695
2026-09-08 04:20:03 INFO  scripts.training.teacher_finetune.training_pipeline | step 5450 | loss_grouped_ce=0.1595 lr=0.000281297
2026-09-08 04:20:24 INFO  scripts.training.teacher_finetune.training_pipeline | step 5500 | loss_grouped_ce=0.2205 lr=0.000280894
2026-09-08 04:20:40 INFO  scripts.training.teacher_finetune.training_pipeline | step 5550 | loss_grouped_ce=0.2742 lr=0.000280488
2026-09-08 04:20:56 INFO  scripts.training.teacher_finetune.training_pipeline | step 5600 | loss_grouped_ce=0.6356 lr=0.000280078
2026-09-08 04:21:12 INFO  scripts.training.teacher_finetune.training_pipeline | step 5650 | loss_grouped_ce=0.2842 lr=0.000279664
2026-09-08 04:21:28 INFO  scripts.training.teacher_finetune.training_pipeline | step 5700 | loss_grouped_ce=0.2831 lr=0.000279245
2026-09-08 04:21:45 INFO  scripts.training.teacher_finetune.training_pipeline | step 5750 | loss_grouped_ce=0.7392 lr=0.000278823
2026-09-08 04:22:04 INFO  scripts.training.teacher_finetune.training_pipeline | step 5800 | loss_grouped_ce=0.3090 lr=0.000278397
2026-09-08 04:22:21 INFO  scripts.training.teacher_finetune.training_pipeline | step 5850 | loss_grouped_ce=0.6006 lr=0.000277967
2026-09-08 04:22:25 INFO  scripts.training.teacher_finetune.training_pipeline | epoch 1/5 — train done in 2281.2s | avg loss_grouped_ce=0.6878 | skipped=0/5865 batches (non-finite)
2026-09-08 04:22:25 INFO  scripts.training.teacher_finetune.evaluate | evaluating on 617 batches
2026-09-08 04:27:28 INFO  scripts.training.teacher_finetune.training_pipeline | epoch 1/5 — val accuracy_top1=0.7554 f1_macro=0.7212 f1_micro=0.7554 (selection f1_macro=0.7212)
2026-09-08 04:27:29 INFO  scripts.training.teacher_finetune.evaluate | mlflow: logged val/accuracy_top1=0.7554 val/f1_macro=0.7212 val/f1_micro=0.7554 (step=0, n=19732)
2026-09-08 04:27:29 INFO  scripts.training.teacher_finetune.evaluate | mlflow: logged val per-source accuracy table (6 sources)
2026-09-08 04:27:31 INFO  scripts.training.teacher_finetune.training_pipeline | saved checkpoint: /app/scripts/training/teacher_finetune/model_exports/teacher-finetune-probe-ff0.75-20260908-034413/best.pt
2026-09-08 04:27:31 INFO  scripts.training.teacher_finetune.training_pipeline | new best f1_macro=0.7212 at epoch 1
2026-09-08 04:27:34 INFO  scripts.training.teacher_finetune.training_pipeline | saved checkpoint: /app/scripts/training/teacher_finetune/model_exports/teacher-finetune-probe-ff0.75-20260908-034413/last.pt
2026-09-08 04:27:34 INFO  scripts.training.teacher_finetune.training_pipeline | epoch 1/5 done — next lr=0.000277846, epochs_since_improve=0/15
2026-09-08 04:27:34 INFO  scripts.training.teacher_finetune.training_pipeline | epoch 2/5 — train start (lr=0.000277846, batches=5865)
2026-09-08 04:27:55 INFO  scripts.training.teacher_finetune.training_pipeline | step 5900 | loss_grouped_ce=0.0461 lr=0.000277533
2026-09-08 04:28:09 INFO  scripts.training.teacher_finetune.training_pipeline | step 5950 | loss_grouped_ce=0.3848 lr=0.000277095
2026-09-08 04:28:26 INFO  scripts.training.teacher_finetune.training_pipeline | step 6000 | loss_grouped_ce=0.3067 lr=0.000276654
2026-09-08 04:28:41 INFO  scripts.training.teacher_finetune.training_pipeline | step 6050 | loss_grouped_ce=0.2403 lr=0.000276208
2026-09-08 04:29:00 INFO  scripts.training.teacher_finetune.training_pipeline | step 6100 | loss_grouped_ce=0.5573 lr=0.000275759
2026-09-08 04:29:17 INFO  scripts.training.teacher_finetune.training_pipeline | step 6150 | loss_grouped_ce=0.2071 lr=0.000275306
2026-09-08 04:29:38 INFO  scripts.training.teacher_finetune.training_pipeline | step 6200 | loss_grouped_ce=0.6351 lr=0.000274849
2026-09-08 04:29:53 INFO  scripts.training.teacher_finetune.training_pipeline | step 6250 | loss_grouped_ce=0.2599 lr=0.000274388
2026-09-08 04:30:08 INFO  scripts.training.teacher_finetune.training_pipeline | step 6300 | loss_grouped_ce=0.4543 lr=0.000273924
2026-09-08 04:30:24 INFO  scripts.training.teacher_finetune.training_pipeline | step 6350 | loss_grouped_ce=0.2856 lr=0.000273455
2026-09-08 04:30:40 INFO  scripts.training.teacher_finetune.training_pipeline | step 6400 | loss_grouped_ce=0.3744 lr=0.000272983
2026-09-08 04:30:56 INFO  scripts.training.teacher_finetune.training_pipeline | step 6450 | loss_grouped_ce=0.4536 lr=0.000272507
2026-09-08 04:31:13 INFO  scripts.training.teacher_finetune.training_pipeline | step 6500 | loss_grouped_ce=0.1644 lr=0.000272028
2026-09-08 04:31:28 INFO  scripts.training.teacher_finetune.training_pipeline | step 6550 | loss_grouped_ce=0.3473 lr=0.000271544
2026-09-08 04:31:44 INFO  scripts.training.teacher_finetune.training_pipeline | step 6600 | loss_grouped_ce=0.0509 lr=0.000271057
2026-09-08 04:32:00 INFO  scripts.training.teacher_finetune.training_pipeline | step 6650 | loss_grouped_ce=0.3995 lr=0.000270567
2026-09-08 04:32:18 INFO  scripts.training.teacher_finetune.training_pipeline | step 6700 | loss_grouped_ce=0.5209 lr=0.000270072
2026-09-08 04:32:33 INFO  scripts.training.teacher_finetune.training_pipeline | step 6750 | loss_grouped_ce=0.4581 lr=0.000269574
2026-09-08 04:32:48 INFO  scripts.training.teacher_finetune.training_pipeline | step 6800 | loss_grouped_ce=0.4746 lr=0.000269073
2026-09-08 04:33:07 INFO  scripts.training.teacher_finetune.training_pipeline | step 6850 | loss_grouped_ce=0.8419 lr=0.000268567
2026-09-08 04:33:26 INFO  scripts.training.teacher_finetune.training_pipeline | step 6900 | loss_grouped_ce=0.2516 lr=0.000268059
2026-09-08 04:33:42 INFO  scripts.training.teacher_finetune.training_pipeline | step 6950 | loss_grouped_ce=0.3251 lr=0.000267546
2026-09-08 04:33:58 INFO  scripts.training.teacher_finetune.training_pipeline | step 7000 | loss_grouped_ce=0.3822 lr=0.00026703
2026-09-08 04:34:16 INFO  scripts.training.teacher_finetune.training_pipeline | step 7050 | loss_grouped_ce=0.1898 lr=0.00026651
2026-09-08 04:34:32 INFO  scripts.training.teacher_finetune.training_pipeline | step 7100 | loss_grouped_ce=0.4877 lr=0.000265987
2026-09-08 04:34:49 INFO  scripts.training.teacher_finetune.training_pipeline | step 7150 | loss_grouped_ce=0.5125 lr=0.00026546
2026-09-08 04:35:06 INFO  scripts.training.teacher_finetune.training_pipeline | step 7200 | loss_grouped_ce=0.2911 lr=0.00026493
2026-09-08 04:35:21 INFO  scripts.training.teacher_finetune.training_pipeline | step 7250 | loss_grouped_ce=0.2944 lr=0.000264397
2026-09-08 04:35:36 INFO  scripts.training.teacher_finetune.training_pipeline | step 7300 | loss_grouped_ce=0.4487 lr=0.000263859
2026-09-08 04:35:52 INFO  scripts.training.teacher_finetune.training_pipeline | step 7350 | loss_grouped_ce=0.5083 lr=0.000263319
2026-09-08 04:36:08 INFO  scripts.training.teacher_finetune.training_pipeline | step 7400 | loss_grouped_ce=0.5384 lr=0.000262774
2026-09-08 04:36:24 INFO  scripts.training.teacher_finetune.training_pipeline | step 7450 | loss_grouped_ce=0.1343 lr=0.000262227
2026-09-08 04:36:39 INFO  scripts.training.teacher_finetune.training_pipeline | step 7500 | loss_grouped_ce=0.6992 lr=0.000261676
2026-09-08 04:36:55 INFO  scripts.training.teacher_finetune.training_pipeline | step 7550 | loss_grouped_ce=0.1047 lr=0.000261122
2026-09-08 04:37:13 INFO  scripts.training.teacher_finetune.training_pipeline | step 7600 | loss_grouped_ce=0.0560 lr=0.000260564
2026-09-08 04:37:31 INFO  scripts.training.teacher_finetune.training_pipeline | step 7650 | loss_grouped_ce=0.5929 lr=0.000260003
2026-09-08 04:37:48 INFO  scripts.training.teacher_finetune.training_pipeline | step 7700 | loss_grouped_ce=0.1198 lr=0.000259438
2026-09-08 04:38:04 INFO  scripts.training.teacher_finetune.training_pipeline | step 7750 | loss_grouped_ce=0.2154 lr=0.00025887
2026-09-08 04:38:20 INFO  scripts.training.teacher_finetune.training_pipeline | step 7800 | loss_grouped_ce=0.1975 lr=0.000258299
2026-09-08 04:38:36 INFO  scripts.training.teacher_finetune.training_pipeline | step 7850 | loss_grouped_ce=0.2425 lr=0.000257725
2026-09-08 04:38:55 INFO  scripts.training.teacher_finetune.training_pipeline | step 7900 | loss_grouped_ce=0.5623 lr=0.000257147
2026-09-08 04:39:12 INFO  scripts.training.teacher_finetune.training_pipeline | step 7950 | loss_grouped_ce=0.0962 lr=0.000256566
2026-09-08 04:39:30 INFO  scripts.training.teacher_finetune.training_pipeline | step 8000 | loss_grouped_ce=0.5361 lr=0.000255982
2026-09-08 04:39:45 INFO  scripts.training.teacher_finetune.training_pipeline | step 8050 | loss_grouped_ce=0.7333 lr=0.000255394
2026-09-08 04:40:00 INFO  scripts.training.teacher_finetune.training_pipeline | step 8100 | loss_grouped_ce=0.1905 lr=0.000254804
2026-09-08 04:40:18 INFO  scripts.training.teacher_finetune.training_pipeline | step 8150 | loss_grouped_ce=0.2899 lr=0.00025421
2026-09-08 04:40:38 INFO  scripts.training.teacher_finetune.training_pipeline | step 8200 | loss_grouped_ce=0.2846 lr=0.000253613
2026-09-08 04:40:58 INFO  scripts.training.teacher_finetune.training_pipeline | step 8250 | loss_grouped_ce=0.0569 lr=0.000253013
2026-09-08 04:41:13 INFO  scripts.training.teacher_finetune.training_pipeline | step 8300 | loss_grouped_ce=0.1269 lr=0.000252409
2026-09-08 04:41:32 INFO  scripts.training.teacher_finetune.training_pipeline | step 8350 | loss_grouped_ce=0.4955 lr=0.000251803
2026-09-08 04:41:49 INFO  scripts.training.teacher_finetune.training_pipeline | step 8400 | loss_grouped_ce=0.2292 lr=0.000251193
2026-09-08 04:42:04 INFO  scripts.training.teacher_finetune.training_pipeline | step 8450 | loss_grouped_ce=0.5451 lr=0.000250581
2026-09-08 04:42:20 INFO  scripts.training.teacher_finetune.training_pipeline | step 8500 | loss_grouped_ce=0.5541 lr=0.000249965
2026-09-08 04:42:36 INFO  scripts.training.teacher_finetune.training_pipeline | step 8550 | loss_grouped_ce=0.2106 lr=0.000249346
2026-09-08 04:42:52 INFO  scripts.training.teacher_finetune.training_pipeline | step 8600 | loss_grouped_ce=0.2577 lr=0.000248725
2026-09-08 04:43:08 INFO  scripts.training.teacher_finetune.training_pipeline | step 8650 | loss_grouped_ce=0.3771 lr=0.0002481
2026-09-08 04:43:29 INFO  scripts.training.teacher_finetune.training_pipeline | step 8700 | loss_grouped_ce=0.1804 lr=0.000247472
2026-09-08 04:43:44 INFO  scripts.training.teacher_finetune.training_pipeline | step 8750 | loss_grouped_ce=0.5184 lr=0.000246842
2026-09-08 04:43:59 INFO  scripts.training.teacher_finetune.training_pipeline | step 8800 | loss_grouped_ce=0.4803 lr=0.000246208
2026-09-08 04:44:20 INFO  scripts.training.teacher_finetune.training_pipeline | step 8850 | loss_grouped_ce=0.3527 lr=0.000245571
2026-09-08 04:44:37 INFO  scripts.training.teacher_finetune.training_pipeline | step 8900 | loss_grouped_ce=0.0344 lr=0.000244932
2026-09-08 04:45:00 INFO  scripts.training.teacher_finetune.training_pipeline | step 8950 | loss_grouped_ce=0.2704 lr=0.000244289
2026-09-08 04:45:21 INFO  scripts.training.teacher_finetune.training_pipeline | step 9000 | loss_grouped_ce=0.6621 lr=0.000243644
2026-09-08 04:45:37 INFO  scripts.training.teacher_finetune.training_pipeline | step 9050 | loss_grouped_ce=0.4760 lr=0.000242996
2026-09-08 04:45:54 INFO  scripts.training.teacher_finetune.training_pipeline | step 9100 | loss_grouped_ce=0.1452 lr=0.000242345
2026-09-08 04:46:08 INFO  scripts.training.teacher_finetune.training_pipeline | step 9150 | loss_grouped_ce=0.1525 lr=0.000241691
2026-09-08 04:46:27 INFO  scripts.training.teacher_finetune.training_pipeline | step 9200 | loss_grouped_ce=0.3042 lr=0.000241035
2026-09-08 04:46:44 INFO  scripts.training.teacher_finetune.training_pipeline | step 9250 | loss_grouped_ce=0.3547 lr=0.000240376
2026-09-08 04:47:07 INFO  scripts.training.teacher_finetune.training_pipeline | step 9300 | loss_grouped_ce=0.1868 lr=0.000239713
2026-09-08 04:47:28 INFO  scripts.training.teacher_finetune.training_pipeline | step 9350 | loss_grouped_ce=0.1409 lr=0.000239049
2026-09-08 04:47:46 INFO  scripts.training.teacher_finetune.training_pipeline | step 9400 | loss_grouped_ce=0.1060 lr=0.000238381
2026-09-08 04:48:08 INFO  scripts.training.teacher_finetune.training_pipeline | step 9450 | loss_grouped_ce=0.5246 lr=0.000237711
2026-09-08 04:48:23 INFO  scripts.training.teacher_finetune.training_pipeline | step 9500 | loss_grouped_ce=0.0903 lr=0.000237038
2026-09-08 04:48:45 INFO  scripts.training.teacher_finetune.training_pipeline | step 9550 | loss_grouped_ce=0.1969 lr=0.000236363
2026-09-08 04:49:00 INFO  scripts.training.teacher_finetune.training_pipeline | step 9600 | loss_grouped_ce=0.6812 lr=0.000235684
2026-09-08 04:49:18 INFO  scripts.training.teacher_finetune.training_pipeline | step 9650 | loss_grouped_ce=0.2879 lr=0.000235004
2026-09-08 04:49:36 INFO  scripts.training.teacher_finetune.training_pipeline | step 9700 | loss_grouped_ce=0.0462 lr=0.00023432
2026-09-08 04:49:57 INFO  scripts.training.teacher_finetune.training_pipeline | step 9750 | loss_grouped_ce=0.0966 lr=0.000233634
2026-09-08 04:50:18 INFO  scripts.training.teacher_finetune.training_pipeline | step 9800 | loss_grouped_ce=0.1320 lr=0.000232946
2026-09-08 04:50:33 INFO  scripts.training.teacher_finetune.training_pipeline | step 9850 | loss_grouped_ce=0.0367 lr=0.000232255
2026-09-08 04:50:49 INFO  scripts.training.teacher_finetune.training_pipeline | step 9900 | loss_grouped_ce=0.2581 lr=0.000231562
2026-09-08 04:51:05 INFO  scripts.training.teacher_finetune.training_pipeline | step 9950 | loss_grouped_ce=0.1510 lr=0.000230866
2026-09-08 04:51:22 INFO  scripts.training.teacher_finetune.training_pipeline | step 10000 | loss_grouped_ce=0.3142 lr=0.000230167
2026-09-08 04:51:38 INFO  scripts.training.teacher_finetune.training_pipeline | step 10050 | loss_grouped_ce=0.4652 lr=0.000229466
2026-09-08 04:51:59 INFO  scripts.training.teacher_finetune.training_pipeline | step 10100 | loss_grouped_ce=0.2577 lr=0.000228763
2026-09-08 04:52:22 INFO  scripts.training.teacher_finetune.training_pipeline | step 10150 | loss_grouped_ce=0.5571 lr=0.000228057
2026-09-08 04:52:37 INFO  scripts.training.teacher_finetune.training_pipeline | step 10200 | loss_grouped_ce=0.3132 lr=0.000227349
2026-09-08 04:52:52 INFO  scripts.training.teacher_finetune.training_pipeline | step 10250 | loss_grouped_ce=0.1413 lr=0.000226639
2026-09-08 04:53:09 INFO  scripts.training.teacher_finetune.training_pipeline | step 10300 | loss_grouped_ce=0.6653 lr=0.000225926
2026-09-08 04:53:25 INFO  scripts.training.teacher_finetune.training_pipeline | step 10350 | loss_grouped_ce=0.4169 lr=0.000225211
2026-09-08 04:53:42 INFO  scripts.training.teacher_finetune.training_pipeline | step 10400 | loss_grouped_ce=0.0625 lr=0.000224494
2026-09-08 04:54:03 INFO  scripts.training.teacher_finetune.training_pipeline | step 10450 | loss_grouped_ce=0.3608 lr=0.000223774
2026-09-08 04:54:20 INFO  scripts.training.teacher_finetune.training_pipeline | step 10500 | loss_grouped_ce=0.6826 lr=0.000223052
2026-09-08 04:54:43 INFO  scripts.training.teacher_finetune.training_pipeline | step 10550 | loss_grouped_ce=0.5177 lr=0.000222328
2026-09-08 04:54:59 INFO  scripts.training.teacher_finetune.training_pipeline | step 10600 | loss_grouped_ce=0.2117 lr=0.000221602
2026-09-08 04:55:20 INFO  scripts.training.teacher_finetune.training_pipeline | step 10650 | loss_grouped_ce=0.2044 lr=0.000220874
2026-09-08 04:55:37 INFO  scripts.training.teacher_finetune.training_pipeline | step 10700 | loss_grouped_ce=0.3139 lr=0.000220143
2026-09-08 04:56:00 INFO  scripts.training.teacher_finetune.training_pipeline | step 10750 | loss_grouped_ce=0.1177 lr=0.00021941
2026-09-08 04:56:21 INFO  scripts.training.teacher_finetune.training_pipeline | step 10800 | loss_grouped_ce=0.7399 lr=0.000218675
2026-09-08 04:56:43 INFO  scripts.training.teacher_finetune.training_pipeline | step 10850 | loss_grouped_ce=0.5043 lr=0.000217938
2026-09-08 04:57:06 INFO  scripts.training.teacher_finetune.training_pipeline | step 10900 | loss_grouped_ce=0.7237 lr=0.000217199
2026-09-08 04:57:28 INFO  scripts.training.teacher_finetune.training_pipeline | step 10950 | loss_grouped_ce=0.2628 lr=0.000216458
2026-09-08 04:57:46 INFO  scripts.training.teacher_finetune.training_pipeline | step 11000 | loss_grouped_ce=0.4548 lr=0.000215715
2026-09-08 04:58:02 INFO  scripts.training.teacher_finetune.training_pipeline | step 11050 | loss_grouped_ce=0.1177 lr=0.00021497
2026-09-08 04:58:25 INFO  scripts.training.teacher_finetune.training_pipeline | step 11100 | loss_grouped_ce=0.1314 lr=0.000214223
2026-09-08 04:58:40 INFO  scripts.training.teacher_finetune.training_pipeline | step 11150 | loss_grouped_ce=0.3478 lr=0.000213474
2026-09-08 04:59:00 INFO  scripts.training.teacher_finetune.training_pipeline | step 11200 | loss_grouped_ce=0.1756 lr=0.000212723
2026-09-08 04:59:22 INFO  scripts.training.teacher_finetune.training_pipeline | step 11250 | loss_grouped_ce=0.9793 lr=0.00021197
2026-09-08 04:59:43 INFO  scripts.training.teacher_finetune.training_pipeline | step 11300 | loss_grouped_ce=0.5765 lr=0.000211216
2026-09-08 04:59:58 INFO  scripts.training.teacher_finetune.training_pipeline | step 11350 | loss_grouped_ce=0.3483 lr=0.000210459
2026-09-08 05:00:14 INFO  scripts.training.teacher_finetune.training_pipeline | step 11400 | loss_grouped_ce=0.3000 lr=0.0002097
2026-09-08 05:00:37 INFO  scripts.training.teacher_finetune.training_pipeline | step 11450 | loss_grouped_ce=0.1366 lr=0.00020894
2026-09-08 05:00:53 INFO  scripts.training.teacher_finetune.training_pipeline | step 11500 | loss_grouped_ce=0.1221 lr=0.000208178
2026-09-08 05:01:13 INFO  scripts.training.teacher_finetune.training_pipeline | step 11550 | loss_grouped_ce=0.9145 lr=0.000207414
2026-09-08 05:01:29 INFO  scripts.training.teacher_finetune.training_pipeline | step 11600 | loss_grouped_ce=0.3263 lr=0.000206649
2026-09-08 05:01:47 INFO  scripts.training.teacher_finetune.training_pipeline | step 11650 | loss_grouped_ce=0.1216 lr=0.000205882
2026-09-08 05:02:08 INFO  scripts.training.teacher_finetune.training_pipeline | step 11700 | loss_grouped_ce=0.3265 lr=0.000205113
2026-09-08 05:02:20 INFO  scripts.training.teacher_finetune.training_pipeline | epoch 2/5 — train done in 2085.8s | avg loss_grouped_ce=0.3632 | skipped=0/5865 batches (non-finite)
2026-09-08 05:02:20 INFO  scripts.training.teacher_finetune.evaluate | evaluating on 617 batches
2026-09-08 05:07:38 INFO  scripts.training.teacher_finetune.training_pipeline | epoch 2/5 — val accuracy_top1=0.7863 f1_macro=0.7651 f1_micro=0.7863 (selection f1_macro=0.7651)
2026-09-08 05:07:39 INFO  scripts.training.teacher_finetune.evaluate | mlflow: logged val/accuracy_top1=0.7863 val/f1_macro=0.7651 val/f1_micro=0.7863 (step=1, n=19732)
2026-09-08 05:07:39 INFO  scripts.training.teacher_finetune.evaluate | mlflow: logged val per-source accuracy table (6 sources)
2026-09-08 05:07:41 INFO  scripts.training.teacher_finetune.training_pipeline | saved checkpoint: /app/scripts/training/teacher_finetune/model_exports/teacher-finetune-probe-ff0.75-20260908-034413/best.pt
2026-09-08 05:07:41 INFO  scripts.training.teacher_finetune.training_pipeline | new best f1_macro=0.7651 at epoch 2
2026-09-08 05:07:42 INFO  scripts.training.teacher_finetune.training_pipeline | saved checkpoint: /app/scripts/training/teacher_finetune/model_exports/teacher-finetune-probe-ff0.75-20260908-034413/last.pt
2026-09-08 05:07:42 INFO  scripts.training.teacher_finetune.training_pipeline | epoch 2/5 done — next lr=0.000204666, epochs_since_improve=0/15
2026-09-08 05:07:42 INFO  scripts.training.teacher_finetune.training_pipeline | epoch 3/5 — train start (lr=0.000204666, batches=5865)
2026-09-08 05:07:57 INFO  scripts.training.teacher_finetune.training_pipeline | step 11750 | loss_grouped_ce=0.0756 lr=0.000204342
2026-09-08 05:08:14 INFO  scripts.training.teacher_finetune.training_pipeline | step 11800 | loss_grouped_ce=0.1024 lr=0.00020357
2026-09-08 05:08:37 INFO  scripts.training.teacher_finetune.training_pipeline | step 11850 | loss_grouped_ce=0.1932 lr=0.000202796
2026-09-08 05:08:52 INFO  scripts.training.teacher_finetune.training_pipeline | step 11900 | loss_grouped_ce=0.2007 lr=0.00020202
2026-09-08 05:09:08 INFO  scripts.training.teacher_finetune.training_pipeline | step 11950 | loss_grouped_ce=0.0329 lr=0.000201243
2026-09-08 05:09:26 INFO  scripts.training.teacher_finetune.training_pipeline | step 12000 | loss_grouped_ce=0.2120 lr=0.000200464
2026-09-08 05:09:43 INFO  scripts.training.teacher_finetune.training_pipeline | step 12050 | loss_grouped_ce=0.1918 lr=0.000199684
2026-09-08 05:09:59 INFO  scripts.training.teacher_finetune.training_pipeline | step 12100 | loss_grouped_ce=0.1232 lr=0.000198902
2026-09-08 05:10:14 INFO  scripts.training.teacher_finetune.training_pipeline | step 12150 | loss_grouped_ce=0.1815 lr=0.000198119
2026-09-08 05:10:34 INFO  scripts.training.teacher_finetune.training_pipeline | step 12200 | loss_grouped_ce=0.0386 lr=0.000197334
2026-09-08 05:10:51 INFO  scripts.training.teacher_finetune.training_pipeline | step 12250 | loss_grouped_ce=0.7022 lr=0.000196548
2026-09-08 05:11:11 INFO  scripts.training.teacher_finetune.training_pipeline | step 12300 | loss_grouped_ce=0.1647 lr=0.000195761
2026-09-08 05:11:35 INFO  scripts.training.teacher_finetune.training_pipeline | step 12350 | loss_grouped_ce=0.1844 lr=0.000194972
2026-09-08 05:11:51 INFO  scripts.training.teacher_finetune.training_pipeline | step 12400 | loss_grouped_ce=0.1185 lr=0.000194182
2026-09-08 05:12:10 INFO  scripts.training.teacher_finetune.training_pipeline | step 12450 | loss_grouped_ce=0.5408 lr=0.00019339
2026-09-08 05:12:30 INFO  scripts.training.teacher_finetune.training_pipeline | step 12500 | loss_grouped_ce=0.3434 lr=0.000192597
2026-09-08 05:12:50 INFO  scripts.training.teacher_finetune.training_pipeline | step 12550 | loss_grouped_ce=0.1780 lr=0.000191803
2026-09-08 05:13:14 INFO  scripts.training.teacher_finetune.training_pipeline | step 12600 | loss_grouped_ce=0.0738 lr=0.000191007
2026-09-08 05:13:31 INFO  scripts.training.teacher_finetune.training_pipeline | step 12650 | loss_grouped_ce=0.3178 lr=0.00019021
2026-09-08 05:13:51 INFO  scripts.training.teacher_finetune.training_pipeline | step 12700 | loss_grouped_ce=0.1260 lr=0.000189412
2026-09-08 05:14:12 INFO  scripts.training.teacher_finetune.training_pipeline | step 12750 | loss_grouped_ce=0.0406 lr=0.000188613
2026-09-08 05:14:29 INFO  scripts.training.teacher_finetune.training_pipeline | step 12800 | loss_grouped_ce=0.0300 lr=0.000187813
2026-09-08 05:14:49 INFO  scripts.training.teacher_finetune.training_pipeline | step 12850 | loss_grouped_ce=0.0814 lr=0.000187011
2026-09-08 05:15:07 INFO  scripts.training.teacher_finetune.training_pipeline | step 12900 | loss_grouped_ce=0.0287 lr=0.000186209
2026-09-08 05:15:25 INFO  scripts.training.teacher_finetune.training_pipeline | step 12950 | loss_grouped_ce=0.3974 lr=0.000185405
2026-09-08 05:15:46 INFO  scripts.training.teacher_finetune.training_pipeline | step 13000 | loss_grouped_ce=0.2101 lr=0.0001846
2026-09-08 05:16:05 INFO  scripts.training.teacher_finetune.training_pipeline | step 13050 | loss_grouped_ce=0.0988 lr=0.000183794
2026-09-08 05:16:26 INFO  scripts.training.teacher_finetune.training_pipeline | step 13100 | loss_grouped_ce=0.4770 lr=0.000182987
2026-09-08 05:16:41 INFO  scripts.training.teacher_finetune.training_pipeline | step 13150 | loss_grouped_ce=0.3486 lr=0.00018218
2026-09-08 05:16:57 INFO  scripts.training.teacher_finetune.training_pipeline | step 13200 | loss_grouped_ce=0.0979 lr=0.000181371
2026-09-08 05:17:20 INFO  scripts.training.teacher_finetune.training_pipeline | step 13250 | loss_grouped_ce=0.0781 lr=0.000180561
2026-09-08 05:17:43 INFO  scripts.training.teacher_finetune.training_pipeline | step 13300 | loss_grouped_ce=0.5096 lr=0.00017975
2026-09-08 05:18:03 INFO  scripts.training.teacher_finetune.training_pipeline | step 13350 | loss_grouped_ce=0.0651 lr=0.000178939
2026-09-08 05:18:20 INFO  scripts.training.teacher_finetune.training_pipeline | step 13400 | loss_grouped_ce=0.2463 lr=0.000178126
2026-09-08 05:18:41 INFO  scripts.training.teacher_finetune.training_pipeline | step 13450 | loss_grouped_ce=0.1437 lr=0.000177313
2026-09-08 05:18:56 INFO  scripts.training.teacher_finetune.training_pipeline | step 13500 | loss_grouped_ce=0.2096 lr=0.000176498
2026-09-08 05:19:16 INFO  scripts.training.teacher_finetune.training_pipeline | step 13550 | loss_grouped_ce=0.2001 lr=0.000175683
2026-09-08 05:19:34 INFO  scripts.training.teacher_finetune.training_pipeline | step 13600 | loss_grouped_ce=0.1272 lr=0.000174868
2026-09-08 05:19:53 INFO  scripts.training.teacher_finetune.training_pipeline | step 13650 | loss_grouped_ce=0.1404 lr=0.000174051
2026-09-08 05:20:08 INFO  scripts.training.teacher_finetune.training_pipeline | step 13700 | loss_grouped_ce=0.2057 lr=0.000173234
2026-09-08 05:20:23 INFO  scripts.training.teacher_finetune.training_pipeline | step 13750 | loss_grouped_ce=0.1880 lr=0.000172416
2026-09-08 05:20:39 INFO  scripts.training.teacher_finetune.training_pipeline | step 13800 | loss_grouped_ce=0.3395 lr=0.000171597
2026-09-08 05:20:57 INFO  scripts.training.teacher_finetune.training_pipeline | step 13850 | loss_grouped_ce=0.1629 lr=0.000170778
2026-09-08 05:21:13 INFO  scripts.training.teacher_finetune.training_pipeline | step 13900 | loss_grouped_ce=0.2920 lr=0.000169958
2026-09-08 05:21:28 INFO  scripts.training.teacher_finetune.training_pipeline | step 13950 | loss_grouped_ce=0.1328 lr=0.000169137
2026-09-08 05:21:44 INFO  scripts.training.teacher_finetune.training_pipeline | step 14000 | loss_grouped_ce=0.2065 lr=0.000168316
2026-09-08 05:22:00 INFO  scripts.training.teacher_finetune.training_pipeline | step 14050 | loss_grouped_ce=0.0846 lr=0.000167495
2026-09-08 05:22:19 INFO  scripts.training.teacher_finetune.training_pipeline | step 14100 | loss_grouped_ce=0.1729 lr=0.000166673
2026-09-08 05:22:37 INFO  scripts.training.teacher_finetune.training_pipeline | step 14150 | loss_grouped_ce=0.2447 lr=0.00016585
2026-09-08 05:23:00 INFO  scripts.training.teacher_finetune.training_pipeline | step 14200 | loss_grouped_ce=0.0636 lr=0.000165027
2026-09-08 05:23:19 INFO  scripts.training.teacher_finetune.training_pipeline | step 14250 | loss_grouped_ce=0.3257 lr=0.000164203
2026-09-08 05:23:37 INFO  scripts.training.teacher_finetune.training_pipeline | step 14300 | loss_grouped_ce=0.1348 lr=0.000163379
2026-09-08 05:23:59 INFO  scripts.training.teacher_finetune.training_pipeline | step 14350 | loss_grouped_ce=0.0851 lr=0.000162554
2026-09-08 05:24:23 INFO  scripts.training.teacher_finetune.training_pipeline | step 14400 | loss_grouped_ce=0.1747 lr=0.00016173
2026-09-08 05:24:44 INFO  scripts.training.teacher_finetune.training_pipeline | step 14450 | loss_grouped_ce=0.2194 lr=0.000160904
2026-09-08 05:25:06 INFO  scripts.training.teacher_finetune.training_pipeline | step 14500 | loss_grouped_ce=0.1092 lr=0.000160079
2026-09-08 05:25:28 INFO  scripts.training.teacher_finetune.training_pipeline | step 14550 | loss_grouped_ce=0.1907 lr=0.000159253
2026-09-08 05:25:51 INFO  scripts.training.teacher_finetune.training_pipeline | step 14600 | loss_grouped_ce=0.1793 lr=0.000158427
2026-09-08 05:26:14 INFO  scripts.training.teacher_finetune.training_pipeline | step 14650 | loss_grouped_ce=0.1996 lr=0.000157601
2026-09-08 05:26:36 INFO  scripts.training.teacher_finetune.training_pipeline | step 14700 | loss_grouped_ce=0.0209 lr=0.000156774
2026-09-08 05:26:59 INFO  scripts.training.teacher_finetune.training_pipeline | step 14750 | loss_grouped_ce=0.1060 lr=0.000155947
2026-09-08 05:27:22 INFO  scripts.training.teacher_finetune.training_pipeline | step 14800 | loss_grouped_ce=0.1522 lr=0.00015512
2026-09-08 05:27:44 INFO  scripts.training.teacher_finetune.training_pipeline | step 14850 | loss_grouped_ce=0.0921 lr=0.000154293
2026-09-08 05:28:00 INFO  scripts.training.teacher_finetune.training_pipeline | step 14900 | loss_grouped_ce=0.1935 lr=0.000153466
2026-09-08 05:28:17 INFO  scripts.training.teacher_finetune.training_pipeline | step 14950 | loss_grouped_ce=0.0380 lr=0.000152639
2026-09-08 05:28:39 INFO  scripts.training.teacher_finetune.training_pipeline | step 15000 | loss_grouped_ce=0.2198 lr=0.000151811
2026-09-08 05:28:56 INFO  scripts.training.teacher_finetune.training_pipeline | step 15050 | loss_grouped_ce=0.1617 lr=0.000150984
2026-09-08 05:29:13 INFO  scripts.training.teacher_finetune.training_pipeline | step 15100 | loss_grouped_ce=0.4179 lr=0.000150156
2026-09-08 05:29:35 INFO  scripts.training.teacher_finetune.training_pipeline | step 15150 | loss_grouped_ce=0.1529 lr=0.000149329
2026-09-08 05:29:53 INFO  scripts.training.teacher_finetune.training_pipeline | step 15200 | loss_grouped_ce=0.2238 lr=0.000148501
2026-09-08 05:30:15 INFO  scripts.training.teacher_finetune.training_pipeline | step 15250 | loss_grouped_ce=0.1071 lr=0.000147674
2026-09-08 05:30:32 INFO  scripts.training.teacher_finetune.training_pipeline | step 15300 | loss_grouped_ce=0.1665 lr=0.000146846
2026-09-08 05:30:49 INFO  scripts.training.teacher_finetune.training_pipeline | step 15350 | loss_grouped_ce=0.3592 lr=0.000146019
2026-09-08 05:31:04 INFO  scripts.training.teacher_finetune.training_pipeline | step 15400 | loss_grouped_ce=0.0502 lr=0.000145192
2026-09-08 05:31:19 INFO  scripts.training.teacher_finetune.training_pipeline | step 15450 | loss_grouped_ce=0.0355 lr=0.000144365
2026-09-08 05:31:39 INFO  scripts.training.teacher_finetune.training_pipeline | step 15500 | loss_grouped_ce=0.3216 lr=0.000143538
2026-09-08 05:31:55 INFO  scripts.training.teacher_finetune.training_pipeline | step 15550 | loss_grouped_ce=0.0585 lr=0.000142712
2026-09-08 05:32:17 INFO  scripts.training.teacher_finetune.training_pipeline | step 15600 | loss_grouped_ce=0.2482 lr=0.000141885
2026-09-08 05:32:34 INFO  scripts.training.teacher_finetune.training_pipeline | step 15650 | loss_grouped_ce=0.0102 lr=0.000141059
2026-09-08 05:32:49 INFO  scripts.training.teacher_finetune.training_pipeline | step 15700 | loss_grouped_ce=0.2285 lr=0.000140233
2026-09-08 05:33:08 INFO  scripts.training.teacher_finetune.training_pipeline | step 15750 | loss_grouped_ce=0.2875 lr=0.000139408
2026-09-08 05:33:31 INFO  scripts.training.teacher_finetune.training_pipeline | step 15800 | loss_grouped_ce=0.2696 lr=0.000138583
2026-09-08 05:33:51 INFO  scripts.training.teacher_finetune.training_pipeline | step 15850 | loss_grouped_ce=0.3920 lr=0.000137758
2026-09-08 05:34:06 INFO  scripts.training.teacher_finetune.training_pipeline | step 15900 | loss_grouped_ce=0.5133 lr=0.000136933
2026-09-08 05:34:24 INFO  scripts.training.teacher_finetune.training_pipeline | step 15950 | loss_grouped_ce=0.1842 lr=0.000136109
2026-09-08 05:34:46 INFO  scripts.training.teacher_finetune.training_pipeline | step 16000 | loss_grouped_ce=0.2418 lr=0.000135286
2026-09-08 05:35:06 INFO  scripts.training.teacher_finetune.training_pipeline | step 16050 | loss_grouped_ce=0.3500 lr=0.000134463
2026-09-08 05:35:21 INFO  scripts.training.teacher_finetune.training_pipeline | step 16100 | loss_grouped_ce=0.2578 lr=0.00013364
2026-09-08 05:35:39 INFO  scripts.training.teacher_finetune.training_pipeline | step 16150 | loss_grouped_ce=0.5530 lr=0.000132818
2026-09-08 05:36:00 INFO  scripts.training.teacher_finetune.training_pipeline | step 16200 | loss_grouped_ce=0.4212 lr=0.000131996
2026-09-08 05:36:23 INFO  scripts.training.teacher_finetune.training_pipeline | step 16250 | loss_grouped_ce=0.3702 lr=0.000131175
2026-09-08 05:36:43 INFO  scripts.training.teacher_finetune.training_pipeline | step 16300 | loss_grouped_ce=0.2272 lr=0.000130354
2026-09-08 05:37:04 INFO  scripts.training.teacher_finetune.training_pipeline | step 16350 | loss_grouped_ce=0.0123 lr=0.000129534
2026-09-08 05:37:22 INFO  scripts.training.teacher_finetune.training_pipeline | step 16400 | loss_grouped_ce=0.1147 lr=0.000128715
2026-09-08 05:37:37 INFO  scripts.training.teacher_finetune.training_pipeline | step 16450 | loss_grouped_ce=0.0308 lr=0.000127896
2026-09-08 05:37:58 INFO  scripts.training.teacher_finetune.training_pipeline | step 16500 | loss_grouped_ce=0.2042 lr=0.000127078
2026-09-08 05:38:22 INFO  scripts.training.teacher_finetune.training_pipeline | step 16550 | loss_grouped_ce=0.1498 lr=0.000126261
2026-09-08 05:38:43 INFO  scripts.training.teacher_finetune.training_pipeline | step 16600 | loss_grouped_ce=0.0889 lr=0.000125445
2026-09-08 05:39:06 INFO  scripts.training.teacher_finetune.training_pipeline | step 16650 | loss_grouped_ce=0.1211 lr=0.000124629
2026-09-08 05:39:28 INFO  scripts.training.teacher_finetune.training_pipeline | step 16700 | loss_grouped_ce=0.0477 lr=0.000123814
2026-09-08 05:39:50 INFO  scripts.training.teacher_finetune.training_pipeline | step 16750 | loss_grouped_ce=0.1770 lr=0.000123
2026-09-08 05:40:11 INFO  scripts.training.teacher_finetune.training_pipeline | step 16800 | loss_grouped_ce=0.4698 lr=0.000122186
2026-09-08 05:40:26 INFO  scripts.training.teacher_finetune.training_pipeline | step 16850 | loss_grouped_ce=0.2101 lr=0.000121374
2026-09-08 05:40:45 INFO  scripts.training.teacher_finetune.training_pipeline | step 16900 | loss_grouped_ce=0.1633 lr=0.000120562
2026-09-08 05:41:04 INFO  scripts.training.teacher_finetune.training_pipeline | step 16950 | loss_grouped_ce=0.2006 lr=0.000119751
2026-09-08 05:41:23 INFO  scripts.training.teacher_finetune.training_pipeline | step 17000 | loss_grouped_ce=0.2051 lr=0.000118941
2026-09-08 05:41:40 INFO  scripts.training.teacher_finetune.training_pipeline | step 17050 | loss_grouped_ce=0.3895 lr=0.000118133
2026-09-08 05:42:01 INFO  scripts.training.teacher_finetune.training_pipeline | step 17100 | loss_grouped_ce=0.0100 lr=0.000117325
2026-09-08 05:42:18 INFO  scripts.training.teacher_finetune.training_pipeline | step 17150 | loss_grouped_ce=0.0983 lr=0.000116518
2026-09-08 05:42:40 INFO  scripts.training.teacher_finetune.training_pipeline | step 17200 | loss_grouped_ce=0.0775 lr=0.000115712
2026-09-08 05:43:03 INFO  scripts.training.teacher_finetune.training_pipeline | step 17250 | loss_grouped_ce=0.2718 lr=0.000114907
2026-09-08 05:43:26 INFO  scripts.training.teacher_finetune.training_pipeline | step 17300 | loss_grouped_ce=0.1153 lr=0.000114103
2026-09-08 05:43:48 INFO  scripts.training.teacher_finetune.training_pipeline | step 17350 | loss_grouped_ce=0.3248 lr=0.000113301
2026-09-08 05:44:05 INFO  scripts.training.teacher_finetune.training_pipeline | step 17400 | loss_grouped_ce=0.0731 lr=0.000112499
2026-09-08 05:44:28 INFO  scripts.training.teacher_finetune.training_pipeline | step 17450 | loss_grouped_ce=0.1350 lr=0.000111699
2026-09-08 05:44:47 INFO  scripts.training.teacher_finetune.training_pipeline | step 17500 | loss_grouped_ce=0.0147 lr=0.0001109
2026-09-08 05:45:09 INFO  scripts.training.teacher_finetune.training_pipeline | step 17550 | loss_grouped_ce=0.1528 lr=0.000110102
2026-09-08 05:45:21 INFO  scripts.training.teacher_finetune.training_pipeline | epoch 3/5 — train done in 2258.8s | avg loss_grouped_ce=0.1902 | skipped=0/5865 batches (non-finite)
2026-09-08 05:45:21 INFO  scripts.training.teacher_finetune.evaluate | evaluating on 617 batches
2026-09-08 05:50:38 INFO  scripts.training.teacher_finetune.training_pipeline | epoch 3/5 — val accuracy_top1=0.7972 f1_macro=0.7786 f1_micro=0.7972 (selection f1_macro=0.7786)
2026-09-08 05:50:39 INFO  scripts.training.teacher_finetune.evaluate | mlflow: logged val/accuracy_top1=0.7972 val/f1_macro=0.7786 val/f1_micro=0.7972 (step=2, n=19732)
2026-09-08 05:50:40 INFO  scripts.training.teacher_finetune.evaluate | mlflow: logged val per-source accuracy table (6 sources)
2026-09-08 05:50:41 INFO  scripts.training.teacher_finetune.training_pipeline | saved checkpoint: /app/scripts/training/teacher_finetune/model_exports/teacher-finetune-probe-ff0.75-20260908-034413/best.pt
2026-09-08 05:50:41 INFO  scripts.training.teacher_finetune.training_pipeline | new best f1_macro=0.7786 at epoch 3
2026-09-08 05:50:42 INFO  scripts.training.teacher_finetune.training_pipeline | saved checkpoint: /app/scripts/training/teacher_finetune/model_exports/teacher-finetune-probe-ff0.75-20260908-034413/last.pt
2026-09-08 05:50:43 INFO  scripts.training.teacher_finetune.training_pipeline | epoch 3/5 done — next lr=0.0001094, epochs_since_improve=0/15
2026-09-08 05:50:43 INFO  scripts.training.teacher_finetune.training_pipeline | epoch 4/5 — train start (lr=0.0001094, batches=5865)
2026-09-08 05:50:51 INFO  scripts.training.teacher_finetune.training_pipeline | step 17600 | loss_grouped_ce=0.0627 lr=0.000109305
2026-09-08 05:51:10 INFO  scripts.training.teacher_finetune.training_pipeline | step 17650 | loss_grouped_ce=0.2075 lr=0.000108509
2026-09-08 05:51:28 INFO  scripts.training.teacher_finetune.training_pipeline | step 17700 | loss_grouped_ce=0.0705 lr=0.000107715
2026-09-08 05:51:49 INFO  scripts.training.teacher_finetune.training_pipeline | step 17750 | loss_grouped_ce=0.0151 lr=0.000106922
2026-09-08 05:52:06 INFO  scripts.training.teacher_finetune.training_pipeline | step 17800 | loss_grouped_ce=0.0143 lr=0.00010613
2026-09-08 05:52:24 INFO  scripts.training.teacher_finetune.training_pipeline | step 17850 | loss_grouped_ce=0.0251 lr=0.00010534
2026-09-08 05:52:40 INFO  scripts.training.teacher_finetune.training_pipeline | step 17900 | loss_grouped_ce=0.0136 lr=0.000104551
2026-09-08 05:53:03 INFO  scripts.training.teacher_finetune.training_pipeline | step 17950 | loss_grouped_ce=0.0141 lr=0.000103764
2026-09-08 05:53:19 INFO  scripts.training.teacher_finetune.training_pipeline | step 18000 | loss_grouped_ce=0.0040 lr=0.000102977
2026-09-08 05:53:39 INFO  scripts.training.teacher_finetune.training_pipeline | step 18050 | loss_grouped_ce=0.1765 lr=0.000102193
2026-09-08 05:53:56 INFO  scripts.training.teacher_finetune.training_pipeline | step 18100 | loss_grouped_ce=0.0116 lr=0.000101409
2026-09-08 05:54:19 INFO  scripts.training.teacher_finetune.training_pipeline | step 18150 | loss_grouped_ce=0.0166 lr=0.000100628
2026-09-08 05:54:36 INFO  scripts.training.teacher_finetune.training_pipeline | step 18200 | loss_grouped_ce=0.0258 lr=9.98475e-05
2026-09-08 05:54:58 INFO  scripts.training.teacher_finetune.training_pipeline | step 18250 | loss_grouped_ce=0.0086 lr=9.90687e-05
2026-09-08 05:55:15 INFO  scripts.training.teacher_finetune.training_pipeline | step 18300 | loss_grouped_ce=0.0307 lr=9.82916e-05
2026-09-08 05:55:31 INFO  scripts.training.teacher_finetune.training_pipeline | step 18350 | loss_grouped_ce=0.0346 lr=9.7516e-05
2026-09-08 05:55:45 INFO  scripts.training.teacher_finetune.training_pipeline | step 18400 | loss_grouped_ce=0.0191 lr=9.67421e-05
2026-09-08 05:56:00 INFO  scripts.training.teacher_finetune.training_pipeline | step 18450 | loss_grouped_ce=0.0100 lr=9.59697e-05
2026-09-08 05:56:17 INFO  scripts.training.teacher_finetune.training_pipeline | step 18500 | loss_grouped_ce=0.0068 lr=9.5199e-05
2026-09-08 05:56:33 INFO  scripts.training.teacher_finetune.training_pipeline | step 18550 | loss_grouped_ce=0.1513 lr=9.443e-05
2026-09-08 05:56:55 INFO  scripts.training.teacher_finetune.training_pipeline | step 18600 | loss_grouped_ce=0.0168 lr=9.36627e-05
2026-09-08 05:57:17 INFO  scripts.training.teacher_finetune.training_pipeline | step 18650 | loss_grouped_ce=0.0678 lr=9.28971e-05
2026-09-08 05:57:36 INFO  scripts.training.teacher_finetune.training_pipeline | step 18700 | loss_grouped_ce=0.0307 lr=9.21333e-05
2026-09-08 05:57:53 INFO  scripts.training.teacher_finetune.training_pipeline | step 18750 | loss_grouped_ce=0.0568 lr=9.13712e-05
2026-09-08 05:58:10 INFO  scripts.training.teacher_finetune.training_pipeline | step 18800 | loss_grouped_ce=0.0028 lr=9.06109e-05
2026-09-08 05:58:29 INFO  scripts.training.teacher_finetune.training_pipeline | step 18850 | loss_grouped_ce=0.0098 lr=8.98525e-05
2026-09-08 05:58:49 INFO  scripts.training.teacher_finetune.training_pipeline | step 18900 | loss_grouped_ce=0.0551 lr=8.90958e-05
2026-09-08 05:59:10 INFO  scripts.training.teacher_finetune.training_pipeline | step 18950 | loss_grouped_ce=0.0642 lr=8.83411e-05
2026-09-08 05:59:28 INFO  scripts.training.teacher_finetune.training_pipeline | step 19000 | loss_grouped_ce=0.0035 lr=8.75882e-05
2026-09-08 05:59:49 INFO  scripts.training.teacher_finetune.training_pipeline | step 19050 | loss_grouped_ce=0.2593 lr=8.68372e-05
2026-09-08 06:00:11 INFO  scripts.training.teacher_finetune.training_pipeline | step 19100 | loss_grouped_ce=0.0446 lr=8.60882e-05
2026-09-08 06:00:32 INFO  scripts.training.teacher_finetune.training_pipeline | step 19150 | loss_grouped_ce=0.0036 lr=8.53411e-05
2026-09-08 06:00:53 INFO  scripts.training.teacher_finetune.training_pipeline | step 19200 | loss_grouped_ce=0.2055 lr=8.4596e-05
2026-09-08 06:01:09 INFO  scripts.training.teacher_finetune.training_pipeline | step 19250 | loss_grouped_ce=0.0916 lr=8.38529e-05
2026-09-08 06:01:26 INFO  scripts.training.teacher_finetune.training_pipeline | step 19300 | loss_grouped_ce=0.0794 lr=8.31118e-05
2026-09-08 06:01:43 INFO  scripts.training.teacher_finetune.training_pipeline | step 19350 | loss_grouped_ce=0.0274 lr=8.23727e-05
2026-09-08 06:01:58 INFO  scripts.training.teacher_finetune.training_pipeline | step 19400 | loss_grouped_ce=0.0069 lr=8.16357e-05
2026-09-08 06:02:14 INFO  scripts.training.teacher_finetune.training_pipeline | step 19450 | loss_grouped_ce=0.0028 lr=8.09009e-05
2026-09-08 06:02:33 INFO  scripts.training.teacher_finetune.training_pipeline | step 19500 | loss_grouped_ce=0.0032 lr=8.01681e-05
2026-09-08 06:02:55 INFO  scripts.training.teacher_finetune.training_pipeline | step 19550 | loss_grouped_ce=0.3907 lr=7.94374e-05
2026-09-08 06:03:12 INFO  scripts.training.teacher_finetune.training_pipeline | step 19600 | loss_grouped_ce=0.1031 lr=7.87089e-05
2026-09-08 06:03:33 INFO  scripts.training.teacher_finetune.training_pipeline | step 19650 | loss_grouped_ce=0.0555 lr=7.79826e-05
2026-09-08 06:03:50 INFO  scripts.training.teacher_finetune.training_pipeline | step 19700 | loss_grouped_ce=0.0123 lr=7.72585e-05
2026-09-08 06:04:09 INFO  scripts.training.teacher_finetune.training_pipeline | step 19750 | loss_grouped_ce=0.0373 lr=7.65366e-05
2026-09-08 06:04:26 INFO  scripts.training.teacher_finetune.training_pipeline | step 19800 | loss_grouped_ce=0.0746 lr=7.5817e-05
2026-09-08 06:04:47 INFO  scripts.training.teacher_finetune.training_pipeline | step 19850 | loss_grouped_ce=0.0038 lr=7.50996e-05
2026-09-08 06:05:03 INFO  scripts.training.teacher_finetune.training_pipeline | step 19900 | loss_grouped_ce=0.0154 lr=7.43845e-05
2026-09-08 06:05:22 INFO  scripts.training.teacher_finetune.training_pipeline | step 19950 | loss_grouped_ce=0.0277 lr=7.36718e-05
2026-09-08 06:05:39 INFO  scripts.training.teacher_finetune.training_pipeline | step 20000 | loss_grouped_ce=0.0217 lr=7.29613e-05
2026-09-08 06:05:55 INFO  scripts.training.teacher_finetune.training_pipeline | step 20050 | loss_grouped_ce=0.0838 lr=7.22532e-05
2026-09-08 06:06:11 INFO  scripts.training.teacher_finetune.training_pipeline | step 20100 | loss_grouped_ce=0.0124 lr=7.15475e-05
2026-09-08 06:06:28 INFO  scripts.training.teacher_finetune.training_pipeline | step 20150 | loss_grouped_ce=0.0326 lr=7.08442e-05
2026-09-08 06:06:50 INFO  scripts.training.teacher_finetune.training_pipeline | step 20200 | loss_grouped_ce=0.1929 lr=7.01433e-05
2026-09-08 06:07:12 INFO  scripts.training.teacher_finetune.training_pipeline | step 20250 | loss_grouped_ce=0.0134 lr=6.94448e-05
2026-09-08 06:07:27 INFO  scripts.training.teacher_finetune.training_pipeline | step 20300 | loss_grouped_ce=0.0080 lr=6.87488e-05
2026-09-08 06:07:42 INFO  scripts.training.teacher_finetune.training_pipeline | step 20350 | loss_grouped_ce=0.0071 lr=6.80553e-05
2026-09-08 06:08:04 INFO  scripts.training.teacher_finetune.training_pipeline | step 20400 | loss_grouped_ce=0.0186 lr=6.73643e-05
2026-09-08 06:08:19 INFO  scripts.training.teacher_finetune.training_pipeline | step 20450 | loss_grouped_ce=0.0812 lr=6.66758e-05
2026-09-08 06:08:42 INFO  scripts.training.teacher_finetune.training_pipeline | step 20500 | loss_grouped_ce=0.0495 lr=6.59899e-05
2026-09-08 06:08:59 INFO  scripts.training.teacher_finetune.training_pipeline | step 20550 | loss_grouped_ce=0.0191 lr=6.53065e-05
2026-09-08 06:09:17 INFO  scripts.training.teacher_finetune.training_pipeline | step 20600 | loss_grouped_ce=0.0279 lr=6.46257e-05
2026-09-08 06:09:34 INFO  scripts.training.teacher_finetune.training_pipeline | step 20650 | loss_grouped_ce=0.0091 lr=6.39475e-05
2026-09-08 06:09:49 INFO  scripts.training.teacher_finetune.training_pipeline | step 20700 | loss_grouped_ce=0.0307 lr=6.3272e-05
2026-09-08 06:10:10 INFO  scripts.training.teacher_finetune.training_pipeline | step 20750 | loss_grouped_ce=0.0190 lr=6.25991e-05
2026-09-08 06:10:30 INFO  scripts.training.teacher_finetune.training_pipeline | step 20800 | loss_grouped_ce=0.1392 lr=6.19288e-05
2026-09-08 06:10:46 INFO  scripts.training.teacher_finetune.training_pipeline | step 20850 | loss_grouped_ce=0.0042 lr=6.12613e-05
2026-09-08 06:11:05 INFO  scripts.training.teacher_finetune.training_pipeline | step 20900 | loss_grouped_ce=0.0180 lr=6.05965e-05
2026-09-08 06:11:20 INFO  scripts.training.teacher_finetune.training_pipeline | step 20950 | loss_grouped_ce=0.0134 lr=5.99344e-05
2026-09-08 06:11:40 INFO  scripts.training.teacher_finetune.training_pipeline | step 21000 | loss_grouped_ce=0.1128 lr=5.9275e-05
2026-09-08 06:12:00 INFO  scripts.training.teacher_finetune.training_pipeline | step 21050 | loss_grouped_ce=0.0174 lr=5.86184e-05
2026-09-08 06:12:16 INFO  scripts.training.teacher_finetune.training_pipeline | step 21100 | loss_grouped_ce=0.0199 lr=5.79647e-05
2026-09-08 06:12:32 INFO  scripts.training.teacher_finetune.training_pipeline | step 21150 | loss_grouped_ce=0.0322 lr=5.73137e-05
2026-09-08 06:12:48 INFO  scripts.training.teacher_finetune.training_pipeline | step 21200 | loss_grouped_ce=0.0603 lr=5.66655e-05
2026-09-08 06:13:06 INFO  scripts.training.teacher_finetune.training_pipeline | step 21250 | loss_grouped_ce=0.0018 lr=5.60202e-05
2026-09-08 06:13:20 INFO  scripts.training.teacher_finetune.training_pipeline | step 21300 | loss_grouped_ce=0.1581 lr=5.53778e-05
2026-09-08 06:13:39 INFO  scripts.training.teacher_finetune.training_pipeline | step 21350 | loss_grouped_ce=0.0065 lr=5.47383e-05
2026-09-08 06:13:55 INFO  scripts.training.teacher_finetune.training_pipeline | step 21400 | loss_grouped_ce=0.0054 lr=5.41017e-05
2026-09-08 06:14:17 INFO  scripts.training.teacher_finetune.training_pipeline | step 21450 | loss_grouped_ce=0.2379 lr=5.3468e-05
2026-09-08 06:14:39 INFO  scripts.training.teacher_finetune.training_pipeline | step 21500 | loss_grouped_ce=0.0299 lr=5.28372e-05
2026-09-08 06:14:58 INFO  scripts.training.teacher_finetune.training_pipeline | step 21550 | loss_grouped_ce=0.0016 lr=5.22094e-05
2026-09-08 06:15:19 INFO  scripts.training.teacher_finetune.training_pipeline | step 21600 | loss_grouped_ce=0.0053 lr=5.15846e-05
2026-09-08 06:15:37 INFO  scripts.training.teacher_finetune.training_pipeline | step 21650 | loss_grouped_ce=0.0534 lr=5.09628e-05
2026-09-08 06:15:59 INFO  scripts.training.teacher_finetune.training_pipeline | step 21700 | loss_grouped_ce=0.0056 lr=5.03441e-05
2026-09-08 06:16:18 INFO  scripts.training.teacher_finetune.training_pipeline | step 21750 | loss_grouped_ce=0.0997 lr=4.97284e-05
2026-09-08 06:16:42 INFO  scripts.training.teacher_finetune.training_pipeline | step 21800 | loss_grouped_ce=0.0179 lr=4.91157e-05
2026-09-08 06:17:00 INFO  scripts.training.teacher_finetune.training_pipeline | step 21850 | loss_grouped_ce=0.1949 lr=4.85061e-05
2026-09-08 06:17:18 INFO  scripts.training.teacher_finetune.training_pipeline | step 21900 | loss_grouped_ce=0.0129 lr=4.78997e-05
2026-09-08 06:17:40 INFO  scripts.training.teacher_finetune.training_pipeline | step 21950 | loss_grouped_ce=0.0376 lr=4.72963e-05
2026-09-08 06:17:58 INFO  scripts.training.teacher_finetune.training_pipeline | step 22000 | loss_grouped_ce=0.0458 lr=4.66961e-05
2026-09-08 06:18:14 INFO  scripts.training.teacher_finetune.training_pipeline | step 22050 | loss_grouped_ce=0.0297 lr=4.6099e-05
2026-09-08 06:18:30 INFO  scripts.training.teacher_finetune.training_pipeline | step 22100 | loss_grouped_ce=0.0836 lr=4.55051e-05
2026-09-08 06:18:49 INFO  scripts.training.teacher_finetune.training_pipeline | step 22150 | loss_grouped_ce=0.0075 lr=4.49144e-05
2026-09-08 06:19:04 INFO  scripts.training.teacher_finetune.training_pipeline | step 22200 | loss_grouped_ce=0.2129 lr=4.43269e-05
2026-09-08 06:19:23 INFO  scripts.training.teacher_finetune.training_pipeline | step 22250 | loss_grouped_ce=0.2282 lr=4.37426e-05
2026-09-08 06:19:38 INFO  scripts.training.teacher_finetune.training_pipeline | step 22300 | loss_grouped_ce=0.0039 lr=4.31616e-05
2026-09-08 06:19:57 INFO  scripts.training.teacher_finetune.training_pipeline | step 22350 | loss_grouped_ce=0.0822 lr=4.25839e-05
2026-09-08 06:20:14 INFO  scripts.training.teacher_finetune.training_pipeline | step 22400 | loss_grouped_ce=0.0119 lr=4.20094e-05
2026-09-08 06:20:30 INFO  scripts.training.teacher_finetune.training_pipeline | step 22450 | loss_grouped_ce=0.2119 lr=4.14382e-05
2026-09-08 06:20:48 INFO  scripts.training.teacher_finetune.training_pipeline | step 22500 | loss_grouped_ce=0.0221 lr=4.08703e-05
2026-09-08 06:21:09 INFO  scripts.training.teacher_finetune.training_pipeline | step 22550 | loss_grouped_ce=0.0181 lr=4.03058e-05
2026-09-08 06:21:32 INFO  scripts.training.teacher_finetune.training_pipeline | step 22600 | loss_grouped_ce=0.0036 lr=3.97446e-05
2026-09-08 06:21:47 INFO  scripts.training.teacher_finetune.training_pipeline | step 22650 | loss_grouped_ce=0.0752 lr=3.91868e-05
2026-09-08 06:22:05 INFO  scripts.training.teacher_finetune.training_pipeline | step 22700 | loss_grouped_ce=0.0048 lr=3.86324e-05
2026-09-08 06:22:24 INFO  scripts.training.teacher_finetune.training_pipeline | step 22750 | loss_grouped_ce=0.0116 lr=3.80813e-05
2026-09-08 06:22:46 INFO  scripts.training.teacher_finetune.training_pipeline | step 22800 | loss_grouped_ce=0.0777 lr=3.75337e-05
2026-09-08 06:23:02 INFO  scripts.training.teacher_finetune.training_pipeline | step 22850 | loss_grouped_ce=0.0507 lr=3.69895e-05
2026-09-08 06:23:22 INFO  scripts.training.teacher_finetune.training_pipeline | step 22900 | loss_grouped_ce=0.0123 lr=3.64488e-05
2026-09-08 06:23:41 INFO  scripts.training.teacher_finetune.training_pipeline | step 22950 | loss_grouped_ce=0.0391 lr=3.59115e-05
2026-09-08 06:24:04 INFO  scripts.training.teacher_finetune.training_pipeline | step 23000 | loss_grouped_ce=0.0057 lr=3.53777e-05
2026-09-08 06:24:26 INFO  scripts.training.teacher_finetune.training_pipeline | step 23050 | loss_grouped_ce=0.0497 lr=3.48475e-05
2026-09-08 06:24:45 INFO  scripts.training.teacher_finetune.training_pipeline | step 23100 | loss_grouped_ce=0.1100 lr=3.43207e-05
2026-09-08 06:25:06 INFO  scripts.training.teacher_finetune.training_pipeline | step 23150 | loss_grouped_ce=0.0060 lr=3.37975e-05
2026-09-08 06:25:29 INFO  scripts.training.teacher_finetune.training_pipeline | step 23200 | loss_grouped_ce=0.0701 lr=3.32778e-05
2026-09-08 06:25:49 INFO  scripts.training.teacher_finetune.training_pipeline | step 23250 | loss_grouped_ce=0.0051 lr=3.27617e-05
2026-09-08 06:26:09 INFO  scripts.training.teacher_finetune.training_pipeline | step 23300 | loss_grouped_ce=0.0093 lr=3.22491e-05
2026-09-08 06:26:31 INFO  scripts.training.teacher_finetune.training_pipeline | step 23350 | loss_grouped_ce=0.0262 lr=3.17402e-05
2026-09-08 06:26:51 INFO  scripts.training.teacher_finetune.training_pipeline | step 23400 | loss_grouped_ce=0.0649 lr=3.12348e-05
2026-09-08 06:27:08 INFO  scripts.training.teacher_finetune.training_pipeline | step 23450 | loss_grouped_ce=0.0495 lr=3.07331e-05
2026-09-08 06:27:12 INFO  scripts.training.teacher_finetune.training_pipeline | epoch 4/5 — train done in 2189.4s | avg loss_grouped_ce=0.0564 | skipped=0/5865 batches (non-finite)
2026-09-08 06:27:12 INFO  scripts.training.teacher_finetune.evaluate | evaluating on 617 batches
2026-09-08 06:32:11 INFO  scripts.training.teacher_finetune.training_pipeline | epoch 4/5 — val accuracy_top1=0.7969 f1_macro=0.7778 f1_micro=0.7969 (selection f1_macro=0.7778)
2026-09-08 06:32:12 INFO  scripts.training.teacher_finetune.evaluate | mlflow: logged val/accuracy_top1=0.7969 val/f1_macro=0.7778 val/f1_micro=0.7969 (step=3, n=19732)
2026-09-08 06:32:12 INFO  scripts.training.teacher_finetune.evaluate | mlflow: logged val per-source accuracy table (6 sources)
2026-09-08 06:32:14 INFO  scripts.training.teacher_finetune.training_pipeline | saved checkpoint: /app/scripts/training/teacher_finetune/model_exports/teacher-finetune-probe-ff0.75-20260908-034413/last.pt
2026-09-08 06:32:14 INFO  scripts.training.teacher_finetune.training_pipeline | epoch 4/5 done — next lr=3.06432e-05, epochs_since_improve=1/15
2026-09-08 06:32:14 INFO  scripts.training.teacher_finetune.training_pipeline | epoch 5/5 — train start (lr=3.06432e-05, batches=5865)
2026-09-08 06:32:31 INFO  scripts.training.teacher_finetune.training_pipeline | step 23500 | loss_grouped_ce=0.0006 lr=3.02351e-05
2026-09-08 06:32:45 INFO  scripts.training.teacher_finetune.training_pipeline | step 23550 | loss_grouped_ce=0.0022 lr=2.97407e-05
2026-09-08 06:33:07 INFO  scripts.training.teacher_finetune.training_pipeline | step 23600 | loss_grouped_ce=0.0020 lr=2.92499e-05
2026-09-08 06:33:27 INFO  scripts.training.teacher_finetune.training_pipeline | step 23650 | loss_grouped_ce=0.0249 lr=2.87629e-05
2026-09-08 06:33:41 INFO  scripts.training.teacher_finetune.training_pipeline | step 23700 | loss_grouped_ce=0.0049 lr=2.82795e-05
2026-09-08 06:33:58 INFO  scripts.training.teacher_finetune.training_pipeline | step 23750 | loss_grouped_ce=0.0098 lr=2.77999e-05
2026-09-08 06:34:20 INFO  scripts.training.teacher_finetune.training_pipeline | step 23800 | loss_grouped_ce=0.0011 lr=2.7324e-05
2026-09-08 06:34:34 INFO  scripts.training.teacher_finetune.training_pipeline | step 23850 | loss_grouped_ce=0.0073 lr=2.68518e-05
2026-09-08 06:34:50 INFO  scripts.training.teacher_finetune.training_pipeline | step 23900 | loss_grouped_ce=0.0036 lr=2.63834e-05
2026-09-08 06:35:05 INFO  scripts.training.teacher_finetune.training_pipeline | step 23950 | loss_grouped_ce=0.0032 lr=2.59188e-05
2026-09-08 06:35:23 INFO  scripts.training.teacher_finetune.training_pipeline | step 24000 | loss_grouped_ce=0.0002 lr=2.5458e-05
2026-09-08 06:35:43 INFO  scripts.training.teacher_finetune.training_pipeline | step 24050 | loss_grouped_ce=0.0185 lr=2.50009e-05
2026-09-08 06:36:06 INFO  scripts.training.teacher_finetune.training_pipeline | step 24100 | loss_grouped_ce=0.0011 lr=2.45477e-05
2026-09-08 06:36:23 INFO  scripts.training.teacher_finetune.training_pipeline | step 24150 | loss_grouped_ce=0.0027 lr=2.40983e-05
2026-09-08 06:36:38 INFO  scripts.training.teacher_finetune.training_pipeline | step 24200 | loss_grouped_ce=0.0051 lr=2.36528e-05
2026-09-08 06:36:54 INFO  scripts.training.teacher_finetune.training_pipeline | step 24250 | loss_grouped_ce=0.0011 lr=2.32111e-05
2026-09-08 06:37:09 INFO  scripts.training.teacher_finetune.training_pipeline | step 24300 | loss_grouped_ce=0.0029 lr=2.27733e-05
2026-09-08 06:37:25 INFO  scripts.training.teacher_finetune.training_pipeline | step 24350 | loss_grouped_ce=0.0770 lr=2.23394e-05
2026-09-08 06:37:41 INFO  scripts.training.teacher_finetune.training_pipeline | step 24400 | loss_grouped_ce=0.0089 lr=2.19093e-05
2026-09-08 06:37:58 INFO  scripts.training.teacher_finetune.training_pipeline | step 24450 | loss_grouped_ce=0.0014 lr=2.14832e-05
2026-09-08 06:38:14 INFO  scripts.training.teacher_finetune.training_pipeline | step 24500 | loss_grouped_ce=0.0013 lr=2.1061e-05
2026-09-08 06:38:30 INFO  scripts.training.teacher_finetune.training_pipeline | step 24550 | loss_grouped_ce=0.0128 lr=2.06427e-05
2026-09-08 06:38:45 INFO  scripts.training.teacher_finetune.training_pipeline | step 24600 | loss_grouped_ce=0.0010 lr=2.02284e-05
2026-09-08 06:39:06 INFO  scripts.training.teacher_finetune.training_pipeline | step 24650 | loss_grouped_ce=0.0058 lr=1.98181e-05
2026-09-08 06:39:21 INFO  scripts.training.teacher_finetune.training_pipeline | step 24700 | loss_grouped_ce=0.0003 lr=1.94117e-05
2026-09-08 06:39:36 INFO  scripts.training.teacher_finetune.training_pipeline | step 24750 | loss_grouped_ce=0.0646 lr=1.90093e-05
2026-09-08 06:39:53 INFO  scripts.training.teacher_finetune.training_pipeline | step 24800 | loss_grouped_ce=0.0002 lr=1.86109e-05
2026-09-08 06:40:12 INFO  scripts.training.teacher_finetune.training_pipeline | step 24850 | loss_grouped_ce=0.0007 lr=1.82165e-05
2026-09-08 06:40:29 INFO  scripts.training.teacher_finetune.training_pipeline | step 24900 | loss_grouped_ce=0.0001 lr=1.78262e-05
2026-09-08 06:40:46 INFO  scripts.training.teacher_finetune.training_pipeline | step 24950 | loss_grouped_ce=0.0032 lr=1.74399e-05
2026-09-08 06:41:04 INFO  scripts.training.teacher_finetune.training_pipeline | step 25000 | loss_grouped_ce=0.0030 lr=1.70576e-05
2026-09-08 06:41:26 INFO  scripts.training.teacher_finetune.training_pipeline | step 25050 | loss_grouped_ce=0.0006 lr=1.66794e-05
2026-09-08 06:41:41 INFO  scripts.training.teacher_finetune.training_pipeline | step 25100 | loss_grouped_ce=0.0112 lr=1.63052e-05
2026-09-08 06:41:57 INFO  scripts.training.teacher_finetune.training_pipeline | step 25150 | loss_grouped_ce=0.0019 lr=1.59352e-05
2026-09-08 06:42:18 INFO  scripts.training.teacher_finetune.training_pipeline | step 25200 | loss_grouped_ce=0.0108 lr=1.55692e-05
2026-09-08 06:42:38 INFO  scripts.training.teacher_finetune.training_pipeline | step 25250 | loss_grouped_ce=0.0028 lr=1.52073e-05
2026-09-08 06:42:55 INFO  scripts.training.teacher_finetune.training_pipeline | step 25300 | loss_grouped_ce=0.0004 lr=1.48496e-05
2026-09-08 06:43:15 INFO  scripts.training.teacher_finetune.training_pipeline | step 25350 | loss_grouped_ce=0.0018 lr=1.4496e-05
2026-09-08 06:43:35 INFO  scripts.training.teacher_finetune.training_pipeline | step 25400 | loss_grouped_ce=0.0006 lr=1.41465e-05
2026-09-08 06:43:51 INFO  scripts.training.teacher_finetune.training_pipeline | step 25450 | loss_grouped_ce=0.0080 lr=1.38011e-05
2026-09-08 06:44:07 INFO  scripts.training.teacher_finetune.training_pipeline | step 25500 | loss_grouped_ce=0.0006 lr=1.34599e-05
2026-09-08 06:44:23 INFO  scripts.training.teacher_finetune.training_pipeline | step 25550 | loss_grouped_ce=0.0508 lr=1.31229e-05
2026-09-08 06:44:44 INFO  scripts.training.teacher_finetune.training_pipeline | step 25600 | loss_grouped_ce=0.0572 lr=1.27901e-05
2026-09-08 06:45:00 INFO  scripts.training.teacher_finetune.training_pipeline | step 25650 | loss_grouped_ce=0.0008 lr=1.24614e-05
2026-09-08 06:45:23 INFO  scripts.training.teacher_finetune.training_pipeline | step 25700 | loss_grouped_ce=0.0044 lr=1.2137e-05
2026-09-08 06:45:39 INFO  scripts.training.teacher_finetune.training_pipeline | step 25750 | loss_grouped_ce=0.0003 lr=1.18168e-05
2026-09-08 06:46:00 INFO  scripts.training.teacher_finetune.training_pipeline | step 25800 | loss_grouped_ce=0.0016 lr=1.15007e-05
2026-09-08 06:46:20 INFO  scripts.training.teacher_finetune.training_pipeline | step 25850 | loss_grouped_ce=0.0008 lr=1.11889e-05
2026-09-08 06:46:38 INFO  scripts.training.teacher_finetune.training_pipeline | step 25900 | loss_grouped_ce=0.0009 lr=1.08814e-05
2026-09-08 06:46:54 INFO  scripts.training.teacher_finetune.training_pipeline | step 25950 | loss_grouped_ce=0.0007 lr=1.05781e-05
2026-09-08 06:47:10 INFO  scripts.training.teacher_finetune.training_pipeline | step 26000 | loss_grouped_ce=0.0005 lr=1.0279e-05
2026-09-08 06:47:26 INFO  scripts.training.teacher_finetune.training_pipeline | step 26050 | loss_grouped_ce=0.0004 lr=9.98422e-06
2026-09-08 06:47:50 INFO  scripts.training.teacher_finetune.training_pipeline | step 26100 | loss_grouped_ce=0.0135 lr=9.69371e-06
2026-09-08 06:48:09 INFO  scripts.training.teacher_finetune.training_pipeline | step 26150 | loss_grouped_ce=0.0115 lr=9.40748e-06
2026-09-08 06:48:31 INFO  scripts.training.teacher_finetune.training_pipeline | step 26200 | loss_grouped_ce=0.0037 lr=9.12554e-06
2026-09-08 06:48:50 INFO  scripts.training.teacher_finetune.training_pipeline | step 26250 | loss_grouped_ce=0.0002 lr=8.8479e-06
2026-09-08 06:49:10 INFO  scripts.training.teacher_finetune.training_pipeline | step 26300 | loss_grouped_ce=0.0000 lr=8.57457e-06
2026-09-08 06:49:33 INFO  scripts.training.teacher_finetune.training_pipeline | step 26350 | loss_grouped_ce=0.0146 lr=8.30555e-06
2026-09-08 06:49:56 INFO  scripts.training.teacher_finetune.training_pipeline | step 26400 | loss_grouped_ce=0.0035 lr=8.04087e-06
2026-09-08 06:50:16 INFO  scripts.training.teacher_finetune.training_pipeline | step 26450 | loss_grouped_ce=0.0081 lr=7.78051e-06
2026-09-08 06:50:35 INFO  scripts.training.teacher_finetune.training_pipeline | step 26500 | loss_grouped_ce=0.0024 lr=7.5245e-06
2026-09-08 06:50:52 INFO  scripts.training.teacher_finetune.training_pipeline | step 26550 | loss_grouped_ce=0.0073 lr=7.27284e-06
2026-09-08 06:51:13 INFO  scripts.training.teacher_finetune.training_pipeline | step 26600 | loss_grouped_ce=0.0003 lr=7.02553e-06
2026-09-08 06:51:36 INFO  scripts.training.teacher_finetune.training_pipeline | step 26650 | loss_grouped_ce=0.0012 lr=6.78259e-06
2026-09-08 06:51:52 INFO  scripts.training.teacher_finetune.training_pipeline | step 26700 | loss_grouped_ce=0.0030 lr=6.54402e-06
2026-09-08 06:52:08 INFO  scripts.training.teacher_finetune.training_pipeline | step 26750 | loss_grouped_ce=0.0030 lr=6.30983e-06
2026-09-08 06:52:25 INFO  scripts.training.teacher_finetune.training_pipeline | step 26800 | loss_grouped_ce=0.0154 lr=6.08002e-06
2026-09-08 06:52:42 INFO  scripts.training.teacher_finetune.training_pipeline | step 26850 | loss_grouped_ce=0.0004 lr=5.85461e-06
2026-09-08 06:52:56 INFO  scripts.training.teacher_finetune.training_pipeline | step 26900 | loss_grouped_ce=0.0024 lr=5.6336e-06
2026-09-08 06:53:11 INFO  scripts.training.teacher_finetune.training_pipeline | step 26950 | loss_grouped_ce=0.0027 lr=5.417e-06
2026-09-08 06:53:27 INFO  scripts.training.teacher_finetune.training_pipeline | step 27000 | loss_grouped_ce=0.0010 lr=5.20481e-06
2026-09-08 06:53:48 INFO  scripts.training.teacher_finetune.training_pipeline | step 27050 | loss_grouped_ce=0.0020 lr=4.99704e-06
2026-09-08 06:54:03 INFO  scripts.training.teacher_finetune.training_pipeline | step 27100 | loss_grouped_ce=0.0002 lr=4.79369e-06
2026-09-08 06:54:21 INFO  scripts.training.teacher_finetune.training_pipeline | step 27150 | loss_grouped_ce=0.0003 lr=4.59478e-06
2026-09-08 06:54:36 INFO  scripts.training.teacher_finetune.training_pipeline | step 27200 | loss_grouped_ce=0.0000 lr=4.40031e-06
2026-09-08 06:55:00 INFO  scripts.training.teacher_finetune.training_pipeline | step 27250 | loss_grouped_ce=0.0004 lr=4.21028e-06
2026-09-08 06:55:19 INFO  scripts.training.teacher_finetune.training_pipeline | step 27300 | loss_grouped_ce=0.0009 lr=4.0247e-06
2026-09-08 06:55:37 INFO  scripts.training.teacher_finetune.training_pipeline | step 27350 | loss_grouped_ce=0.0047 lr=3.84358e-06
2026-09-08 06:55:52 INFO  scripts.training.teacher_finetune.training_pipeline | step 27400 | loss_grouped_ce=0.0010 lr=3.66692e-06
2026-09-08 06:56:10 INFO  scripts.training.teacher_finetune.training_pipeline | step 27450 | loss_grouped_ce=0.0070 lr=3.49472e-06
2026-09-08 06:56:32 INFO  scripts.training.teacher_finetune.training_pipeline | step 27500 | loss_grouped_ce=0.0062 lr=3.327e-06
2026-09-08 06:56:52 INFO  scripts.training.teacher_finetune.training_pipeline | step 27550 | loss_grouped_ce=0.0017 lr=3.16376e-06
2026-09-08 06:57:10 INFO  scripts.training.teacher_finetune.training_pipeline | step 27600 | loss_grouped_ce=0.0021 lr=3.005e-06
2026-09-08 06:57:27 INFO  scripts.training.teacher_finetune.training_pipeline | step 27650 | loss_grouped_ce=0.0034 lr=2.85072e-06
2026-09-08 06:57:43 INFO  scripts.training.teacher_finetune.training_pipeline | step 27700 | loss_grouped_ce=0.0004 lr=2.70094e-06
2026-09-08 06:58:03 INFO  scripts.training.teacher_finetune.training_pipeline | step 27750 | loss_grouped_ce=0.0022 lr=2.55565e-06
2026-09-08 06:58:26 INFO  scripts.training.teacher_finetune.training_pipeline | step 27800 | loss_grouped_ce=0.4212 lr=2.41486e-06
2026-09-08 06:58:40 INFO  scripts.training.teacher_finetune.training_pipeline | step 27850 | loss_grouped_ce=0.0004 lr=2.27858e-06
2026-09-08 06:58:57 INFO  scripts.training.teacher_finetune.training_pipeline | step 27900 | loss_grouped_ce=0.0005 lr=2.14681e-06
2026-09-08 06:59:15 INFO  scripts.training.teacher_finetune.training_pipeline | step 27950 | loss_grouped_ce=0.0006 lr=2.01955e-06
2026-09-08 06:59:33 INFO  scripts.training.teacher_finetune.training_pipeline | step 28000 | loss_grouped_ce=0.0032 lr=1.89681e-06
2026-09-08 06:59:48 INFO  scripts.training.teacher_finetune.training_pipeline | step 28050 | loss_grouped_ce=0.0006 lr=1.77859e-06
2026-09-08 07:00:10 INFO  scripts.training.teacher_finetune.training_pipeline | step 28100 | loss_grouped_ce=0.0111 lr=1.6649e-06
2026-09-08 07:00:28 INFO  scripts.training.teacher_finetune.training_pipeline | step 28150 | loss_grouped_ce=0.0001 lr=1.55573e-06
2026-09-08 07:00:48 INFO  scripts.training.teacher_finetune.training_pipeline | step 28200 | loss_grouped_ce=0.0002 lr=1.45109e-06
2026-09-08 07:01:05 INFO  scripts.training.teacher_finetune.training_pipeline | step 28250 | loss_grouped_ce=0.0014 lr=1.35099e-06
2026-09-08 07:01:22 INFO  scripts.training.teacher_finetune.training_pipeline | step 28300 | loss_grouped_ce=0.0874 lr=1.25542e-06
2026-09-08 07:01:40 INFO  scripts.training.teacher_finetune.training_pipeline | step 28350 | loss_grouped_ce=0.0001 lr=1.1644e-06
2026-09-08 07:02:01 INFO  scripts.training.teacher_finetune.training_pipeline | step 28400 | loss_grouped_ce=0.0889 lr=1.07792e-06
2026-09-08 07:02:22 INFO  scripts.training.teacher_finetune.training_pipeline | step 28450 | loss_grouped_ce=0.0002 lr=9.95984e-07
2026-09-08 07:02:45 INFO  scripts.training.teacher_finetune.training_pipeline | step 28500 | loss_grouped_ce=0.0038 lr=9.18597e-07
2026-09-08 07:03:03 INFO  scripts.training.teacher_finetune.training_pipeline | step 28550 | loss_grouped_ce=0.0011 lr=8.45761e-07
2026-09-08 07:03:24 INFO  scripts.training.teacher_finetune.training_pipeline | step 28600 | loss_grouped_ce=0.0006 lr=7.77477e-07
2026-09-08 07:03:49 INFO  scripts.training.teacher_finetune.training_pipeline | step 28650 | loss_grouped_ce=0.0017 lr=7.13749e-07
2026-09-08 07:04:09 INFO  scripts.training.teacher_finetune.training_pipeline | step 28700 | loss_grouped_ce=0.0005 lr=6.54578e-07
2026-09-08 07:04:30 INFO  scripts.training.teacher_finetune.training_pipeline | step 28750 | loss_grouped_ce=0.0003 lr=5.99965e-07
2026-09-08 07:04:48 INFO  scripts.training.teacher_finetune.training_pipeline | step 28800 | loss_grouped_ce=0.0038 lr=5.49913e-07
2026-09-08 07:05:12 INFO  scripts.training.teacher_finetune.training_pipeline | step 28850 | loss_grouped_ce=0.0034 lr=5.04423e-07
2026-09-08 07:05:28 INFO  scripts.training.teacher_finetune.training_pipeline | step 28900 | loss_grouped_ce=0.0012 lr=4.63497e-07
2026-09-08 07:05:50 INFO  scripts.training.teacher_finetune.training_pipeline | step 28950 | loss_grouped_ce=0.0003 lr=4.27134e-07
2026-09-08 07:06:11 INFO  scripts.training.teacher_finetune.training_pipeline | step 29000 | loss_grouped_ce=0.0022 lr=3.95338e-07
2026-09-08 07:06:31 INFO  scripts.training.teacher_finetune.training_pipeline | step 29050 | loss_grouped_ce=0.0034 lr=3.68108e-07
2026-09-08 07:06:55 INFO  scripts.training.teacher_finetune.training_pipeline | step 29100 | loss_grouped_ce=0.0019 lr=3.45446e-07
2026-09-08 07:07:13 INFO  scripts.training.teacher_finetune.training_pipeline | step 29150 | loss_grouped_ce=0.0034 lr=3.27352e-07
2026-09-08 07:07:29 INFO  scripts.training.teacher_finetune.training_pipeline | step 29200 | loss_grouped_ce=0.0084 lr=3.13826e-07
2026-09-08 07:07:51 INFO  scripts.training.teacher_finetune.training_pipeline | step 29250 | loss_grouped_ce=0.0377 lr=3.0487e-07
2026-09-08 07:08:06 INFO  scripts.training.teacher_finetune.training_pipeline | step 29300 | loss_grouped_ce=0.0002 lr=3.00483e-07
2026-09-08 07:08:13 INFO  scripts.training.teacher_finetune.training_pipeline | epoch 5/5 — train done in 2158.4s | avg loss_grouped_ce=0.0083 | skipped=0/5865 batches (non-finite)
2026-09-08 07:08:13 INFO  scripts.training.teacher_finetune.evaluate | evaluating on 617 batches
2026-09-08 07:13:18 INFO  scripts.training.teacher_finetune.training_pipeline | epoch 5/5 — val accuracy_top1=0.7965 f1_macro=0.7728 f1_micro=0.7965 (selection f1_macro=0.7728)
2026-09-08 07:13:19 INFO  scripts.training.teacher_finetune.evaluate | mlflow: logged val/accuracy_top1=0.7965 val/f1_macro=0.7728 val/f1_micro=0.7965 (step=4, n=19732)
2026-09-08 07:13:19 INFO  scripts.training.teacher_finetune.evaluate | mlflow: logged val per-source accuracy table (6 sources)
2026-09-08 07:13:21 INFO  scripts.training.teacher_finetune.training_pipeline | saved checkpoint: /app/scripts/training/teacher_finetune/model_exports/teacher-finetune-probe-ff0.75-20260908-034413/last.pt
2026-09-08 07:13:21 INFO  scripts.training.teacher_finetune.training_pipeline | epoch 5/5 done — next lr=3.00001e-07, epochs_since_improve=2/15
2026-09-08 07:13:22 INFO  scripts.training.teacher_finetune.training_pipeline | saved checkpoint: /app/scripts/training/teacher_finetune/model_exports/teacher-finetune-probe-ff0.75-20260908-034413/last.pt
2026-09-08 07:13:22 INFO  scripts.training.teacher_finetune.training_pipeline | training finished — loading best.pt for final test evaluation
2026-09-08 07:13:23 INFO  scripts.training.teacher_finetune.training_pipeline | loaded best.pt (f1_macro=0.7786 @ epoch 2)
2026-09-08 07:13:23 INFO  scripts.training.teacher_finetune.evaluate | evaluating on 2878 batches
2026-09-08 07:39:47 INFO  scripts.training.teacher_finetune.training_pipeline | test accuracy_top1=0.6765 f1_macro=0.5477 f1_micro=0.6765
2026-09-08 07:39:48 INFO  scripts.training.teacher_finetune.evaluate | mlflow: logged test/accuracy_top1=0.6765 test/f1_macro=0.5477 test/f1_micro=0.6765 (step=None, n=92094)
2026-09-08 07:39:48 INFO  scripts.training.teacher_finetune.evaluate | mlflow: logged test per-source accuracy table (6 sources)
2026-09-08 07:49:36 INFO  scripts.training.teacher_finetune.training_pipeline | uploaded checkpoints to MLflow
2026-09-08 07:49:36 INFO  __main__ | uploaded log artifact: /app/scripts/training/teacher_finetune/model_exports/teacher-finetune-probe-ff0.75-20260908-034413/teacher-finetune-probe-ff0.75-20260908-034413.log
