2026-08-13 16:57:18 INFO  __main__ | === yolo26n training run ===
2026-08-13 16:57:18 INFO  __main__ | run_name=yolo26n-kd-smoke-20260813-165717 experiment=yolo26n-wildlife225
2026-08-13 16:57:18 INFO  __main__ | mlflow tracking_uri=http://hetzner.taile550ef.ts.net:5000/
2026-08-13 16:57:18 INFO  __main__ | run dir: /app/scripts/training/yolo26n/model_exports/yolo26n-kd-smoke-20260813-165717
2026-08-13 16:57:18 INFO  __main__ | log file: /app/scripts/training/yolo26n/model_exports/yolo26n-kd-smoke-20260813-165717/yolo26n-kd-smoke-20260813-165717.log
2026-08-13 16:57:18 INFO  __main__ | seed=42 device=cuda epochs=1 smoke=True kd=True init_from=coco
2026-08-13 16:57:18 INFO  scripts.training.yolov5s.dataset | dataset annotations_val.json: 12543 images, 19732 annotations, 225 classes
2026-08-13 16:57:18 INFO  scripts.training.yolov5s.dataset | dataset annotations_val.json: 12543 images, 19732 annotations, 225 classes
2026-08-13 16:57:19 INFO  scripts.training.yolov5s.dataset | dataset annotations_val.json: 12543 images, 19732 annotations, 225 classes
2026-08-13 16:57:22 INFO  scripts.training.yolo26n.kd_dataset | loaded teacher soft-label cache /app/data/real/teacher_soft_labels_val.jsonl: 12517 images (7215 secondary/non-primary detections discarded — single-label KD scope)
2026-08-13 16:57:22 INFO  scripts.training.yolo26n.kd_dataset | 26/12543 training images have NO cached teacher record — teacher_probs will be all-zero for those (hard-label-only fallback)
2026-08-13 16:57:39 INFO  scripts.training.yolo26n.yolo26n_model | loaded 606/708 keys from /app/weights/yolo26n.pt (skipped 102 shape-mismatched)
2026-08-13 16:57:40 INFO  scripts.training.yolo26n.yolo26n_model | model: yolo26n, nc=225, params=2.71M, device=cuda
2026-08-13 16:57:40 INFO  scripts.training.yolov5s.yolov5s_model | optimizer=SGD lr=0.001 | param groups: g0(BN,no-decay)=114 g1(conv,decay=0.0005)=126 g2(bias,no-decay)=126
2026-08-13 16:57:40 INFO  scripts.training.yolov5s.yolov5s_model | scheduler: OneCycleLR(max_lr=0.01, total_steps=195, pct_start=0.015, div_factor=10, final_div_factor=100) — stepped per batch
2026-08-13 16:57:40 INFO  __main__ | run config:
2026-08-13 16:57:40 INFO  __main__ |   ANNOTATIONS_TEST = /app/data/real/annotations_test.json
2026-08-13 16:57:40 INFO  __main__ |   ANNOTATIONS_TRAIN = /app/data/real/annotations_train.json
2026-08-13 16:57:40 INFO  __main__ |   ANNOTATIONS_VAL = /app/data/real/annotations_val.json
2026-08-13 16:57:40 INFO  __main__ |   AUG_CLOSE_MOSAIC = 0
2026-08-13 16:57:40 INFO  __main__ |   AUG_COPY_PASTE = 0.0
2026-08-13 16:57:40 INFO  __main__ |   AUG_DEGREES = 0.0
2026-08-13 16:57:40 INFO  __main__ |   AUG_FLIPUD = 0.0
2026-08-13 16:57:40 INFO  __main__ |   AUG_HFLIP = True
2026-08-13 16:57:40 INFO  __main__ |   AUG_HSV = True
2026-08-13 16:57:40 INFO  __main__ |   AUG_HSV_H = 0.015
2026-08-13 16:57:40 INFO  __main__ |   AUG_HSV_S = 0.7
2026-08-13 16:57:40 INFO  __main__ |   AUG_HSV_V = 0.4
2026-08-13 16:57:40 INFO  __main__ |   AUG_MIXUP = 0.0
2026-08-13 16:57:40 INFO  __main__ |   AUG_MOSAIC = 0.0
2026-08-13 16:57:40 INFO  __main__ |   AUG_PERSPECTIVE = 0.0
2026-08-13 16:57:40 INFO  __main__ |   AUG_SCALE = 0.5
2026-08-13 16:57:40 INFO  __main__ |   AUG_SHEAR = 0.0
2026-08-13 16:57:40 INFO  __main__ |   AUG_TRANSLATE = 0.1
2026-08-13 16:57:40 INFO  __main__ |   BATCH_SIZE = 64
2026-08-13 16:57:40 INFO  __main__ |   DATA_ROOT = /app/data
2026-08-13 16:57:40 INFO  __main__ |   EARLY_STOP = True
2026-08-13 16:57:40 INFO  __main__ |   EARLY_STOP_MIN_DELTA = 0.001
2026-08-13 16:57:40 INFO  __main__ |   EARLY_STOP_PATIENCE = 20
2026-08-13 16:57:40 INFO  __main__ |   EPOCH_COUNT = 200
2026-08-13 16:57:40 INFO  __main__ |   EVAL_CONF_THRES = 0.001
2026-08-13 16:57:40 INFO  __main__ |   EVAL_IOU_THRES = 0.6
2026-08-13 16:57:40 INFO  __main__ |   EVAL_MAX_DET = 100
2026-08-13 16:57:40 INFO  __main__ |   HYP_BOX = 7.5
2026-08-13 16:57:40 INFO  __main__ |   HYP_CLS = 0.5
2026-08-13 16:57:40 INFO  __main__ |   HYP_DFL = 1.5
2026-08-13 16:57:40 INFO  __main__ |   IMAGE_ROOT = /app
2026-08-13 16:57:40 INFO  __main__ |   IMAGE_SIZE = 640
2026-08-13 16:57:40 INFO  __main__ |   KD_ALPHA = 0.5
2026-08-13 16:57:40 INFO  __main__ |   KD_APPLY_TO = one2one
2026-08-13 16:57:40 INFO  __main__ |   KD_TEMPERATURE = 4.0
2026-08-13 16:57:40 INFO  __main__ |   LEARNING_RATE = 0.001
2026-08-13 16:57:40 INFO  __main__ |   MLFLOW_EXPERIMENT_DEFAULT = yolo26n-wildlife225
2026-08-13 16:57:40 INFO  __main__ |   MLFLOW_LOG_EVERY_N_STEPS = 50
2026-08-13 16:57:40 INFO  __main__ |   MODEL_CONFIG = yolo26n.yaml
2026-08-13 16:57:40 INFO  __main__ |   MOMENTUM = 0.937
2026-08-13 16:57:40 INFO  __main__ |   NESTEROV = True
2026-08-13 16:57:40 INFO  __main__ |   NUM_CLASSES = 225
2026-08-13 16:57:40 INFO  __main__ |   NUM_WORKERS = 8
2026-08-13 16:57:40 INFO  __main__ |   ONE_CYCLE_DIV_FACTOR = 10.0
2026-08-13 16:57:40 INFO  __main__ |   ONE_CYCLE_FINAL_DIV_FACTOR = 100.0
2026-08-13 16:57:40 INFO  __main__ |   ONE_CYCLE_MAX_LR = 0.01
2026-08-13 16:57:40 INFO  __main__ |   ONE_CYCLE_PCT_START = 0.015
2026-08-13 16:57:40 INFO  __main__ |   OPTIMIZER = SGD
2026-08-13 16:57:40 INFO  __main__ |   OUTPUT_DIR = /app/scripts/training/yolo26n/model_exports
2026-08-13 16:57:40 INFO  __main__ |   PRETRAINED_WEIGHTS = /app/weights/yolo26n.pt
2026-08-13 16:57:40 INFO  __main__ |   REPO_ROOT = /app
2026-08-13 16:57:40 INFO  __main__ |   SEED = 42
2026-08-13 16:57:40 INFO  __main__ |   SELECTION_METRIC = mAP50_95
2026-08-13 16:57:40 INFO  __main__ |   USE_AMP = True
2026-08-13 16:57:40 INFO  __main__ |   USE_EMA = True
2026-08-13 16:57:40 INFO  __main__ |   WARMUP_EPOCHS = 3
2026-08-13 16:57:40 INFO  __main__ |   WEIGHT_DECAY = 0.0005
2026-08-13 16:57:40 INFO  __main__ |   dataset_size_test = 12543
2026-08-13 16:57:40 INFO  __main__ |   dataset_size_train = 12543
2026-08-13 16:57:40 INFO  __main__ |   dataset_size_val = 12543
2026-08-13 16:57:40 INFO  __main__ |   device = cuda
2026-08-13 16:57:40 INFO  __main__ |   epochs_actual = 1
2026-08-13 16:57:40 INFO  __main__ |   git_sha = 
2026-08-13 16:57:40 INFO  __main__ |   init_from = coco
2026-08-13 16:57:40 INFO  __main__ |   kd = True
2026-08-13 16:57:40 INFO  __main__ |   resume_from = 
2026-08-13 16:57:40 INFO  __main__ |   smoke = True
2026-08-13 16:57:40 INFO  __main__ |   weights_path = /app/weights/yolo26n.pt
2026-08-13 16:57:41 INFO  scripts.training.yolov5s.training_pipeline | output dir: /app/scripts/training/yolo26n/model_exports/yolo26n-kd-smoke-20260813-165717 | selection_metric=mAP50_95 early_stop=True(patience=20, min_delta=0.001) ema=True amp=True
2026-08-13 16:57:41 INFO  scripts.training.yolov5s.training_pipeline | starting training: ceiling=1 epochs | train_batches=195 val_batches=196 test_batches=196 | device=cuda
2026-08-13 16:57:41 INFO  scripts.training.yolov5s.training_pipeline | epoch 1/1 — train start (lr=0.001, batches=195)
2026-08-13 17:04:09 INFO  scripts.training.yolov5s.training_pipeline | step 50 | loss_box=0.9487 loss_cls=9.8484 loss_dfl=0.0145 loss_total=483.8047 lr=0.00847546
2026-08-13 17:10:13 INFO  scripts.training.yolov5s.training_pipeline | step 100 | loss_box=0.9115 loss_cls=10.4904 loss_dfl=0.0158 loss_total=475.0314 lr=0.00475694
2026-08-13 17:16:02 INFO  scripts.training.yolov5s.training_pipeline | step 150 | loss_box=1.0289 loss_cls=9.9599 loss_dfl=0.0172 loss_total=457.0829 lr=0.00119529
2026-08-13 17:21:25 INFO  scripts.training.yolov5s.training_pipeline | epoch 1/1 — train done in 1424.0s | avg loss_box=0.9256 loss_cls=10.0637 loss_dfl=0.0149 loss_total=459.4390
2026-08-13 17:21:25 INFO  scripts.training.yolo26n.evaluation | evaluating on 196 batches
2026-08-13 17:49:39 INFO  scripts.training.yolov5s.training_pipeline | epoch 1/1 — val mAP50=0.0090 mAP50_95=0.0067 (selection mAP50_95=0.0067)
2026-08-13 17:49:40 INFO  scripts.training.yolo26n.evaluation | mlflow: logged val/mAP50=0.0090 val/mAP50_95=0.0067 (step=0)
2026-08-13 17:49:41 INFO  scripts.training.yolo26n.evaluation | mlflow: logged val per-class AP table (224 classes)
2026-08-13 17:49:41 INFO  scripts.training.yolov5s.training_pipeline | saved checkpoint: /app/scripts/training/yolo26n/model_exports/yolo26n-kd-smoke-20260813-165717/best.pt
2026-08-13 17:49:41 INFO  scripts.training.yolov5s.training_pipeline | new best mAP50_95=0.0067 at epoch 1
2026-08-13 17:49:41 INFO  scripts.training.yolov5s.training_pipeline | saved checkpoint: /app/scripts/training/yolo26n/model_exports/yolo26n-kd-smoke-20260813-165717/last.pt
2026-08-13 17:49:41 INFO  scripts.training.yolov5s.training_pipeline | epoch 1/1 done — next lr=1.06681e-05, epochs_since_improve=0/20
2026-08-13 17:49:42 INFO  scripts.training.yolov5s.training_pipeline | saved checkpoint: /app/scripts/training/yolo26n/model_exports/yolo26n-kd-smoke-20260813-165717/last.pt
2026-08-13 17:49:42 INFO  scripts.training.yolov5s.training_pipeline | training finished — loading best.pt for final test evaluation
2026-08-13 17:49:42 INFO  scripts.training.yolov5s.training_pipeline | loaded best.pt (mAP50_95=0.0067 @ epoch 0)
2026-08-13 17:49:42 INFO  scripts.training.yolo26n.evaluation | evaluating on 196 batches
2026-08-13 18:18:03 INFO  scripts.training.yolov5s.training_pipeline | test mAP50=0.0090 mAP50_95=0.0067
2026-08-13 18:18:04 INFO  scripts.training.yolo26n.evaluation | mlflow: logged test/mAP50=0.0090 test/mAP50_95=0.0067 (step=None)
2026-08-13 18:18:04 INFO  scripts.training.yolo26n.evaluation | mlflow: logged test per-class AP table (224 classes)
2026-08-13 18:18:20 INFO  scripts.training.yolov5s.training_pipeline | uploaded checkpoints to MLflow
2026-08-13 18:18:21 INFO  __main__ | uploaded log artifact: /app/scripts/training/yolo26n/model_exports/yolo26n-kd-smoke-20260813-165717/yolo26n-kd-smoke-20260813-165717.log
