2026-06-02 19:31:01 INFO  __main__ | === yolov5s training run ===
2026-06-02 19:31:01 INFO  __main__ | run_name=yolov5s-smoke-20260602-193101 experiment=yolov5s
2026-06-02 19:31:01 INFO  __main__ | mlflow tracking_uri=http://hetzner.taile550ef.ts.net:5000/
2026-06-02 19:31:01 INFO  __main__ | log file: /home/debian/Master-Thesis/scripts/training/yolov5s/model_exports/yolov5s-smoke-20260602-193101.log
2026-06-02 19:31:02 INFO  __main__ | seed=42 device=cuda epochs=1 smoke=True
2026-06-02 19:31:02 INFO  scripts.training.yolov5s.dataset | dataset annotations_val.json: 12545 images, 12519 annotations, 225 classes
2026-06-02 19:31:02 INFO  scripts.training.yolov5s.dataset | dataset annotations_val.json: 12545 images, 12519 annotations, 225 classes
2026-06-02 19:31:02 INFO  scripts.training.yolov5s.dataset | dataset annotations_val.json: 12545 images, 12519 annotations, 225 classes
2026-06-02 19:31:02 INFO  scripts.training.yolov5s.yolov5s_model | loaded 343/349 keys from /home/debian/Master-Thesis/weights/yolov5s.pt (skipped 6 shape-mismatched)
2026-06-02 19:31:02 INFO  scripts.training.yolov5s.yolov5s_model | model: yolov5s, nc=225, params=7.63M, device=cuda
2026-06-02 19:31:02 INFO  scripts.training.yolov5s.yolov5s_model | optimizer=SGD lr=0.001 | param groups: g0(BN,no-decay)=57 g1(conv,decay=0.0005)=60 g2(bias,no-decay)=60
2026-06-02 19:31:02 INFO  scripts.training.yolov5s.yolov5s_model | scheduler: warmup 3 epochs → cosine to lr0*0.01 over 1 epochs
2026-06-02 19:31:02 INFO  __main__ | run config:
2026-06-02 19:31:02 INFO  __main__ |   ANNOTATIONS_TEST = /home/debian/Master-Thesis/data/real/annotations_test.json
2026-06-02 19:31:02 INFO  __main__ |   ANNOTATIONS_TRAIN = /home/debian/Master-Thesis/data/real/annotations_train.json
2026-06-02 19:31:02 INFO  __main__ |   ANNOTATIONS_VAL = /home/debian/Master-Thesis/data/real/annotations_val.json
2026-06-02 19:31:02 INFO  __main__ |   AUG_HFLIP = False
2026-06-02 19:31:02 INFO  __main__ |   AUG_HSV = False
2026-06-02 19:31:02 INFO  __main__ |   AUG_MOSAIC = False
2026-06-02 19:31:02 INFO  __main__ |   BATCH_SIZE = 16
2026-06-02 19:31:02 INFO  __main__ |   DATA_ROOT = /home/debian/Master-Thesis/data
2026-06-02 19:31:02 INFO  __main__ |   EPOCH_COUNT = 50
2026-06-02 19:31:02 INFO  __main__ |   EVAL_CONF_THRES = 0.001
2026-06-02 19:31:02 INFO  __main__ |   EVAL_IOU_THRES = 0.6
2026-06-02 19:31:02 INFO  __main__ |   EVAL_MAX_DET = 300
2026-06-02 19:31:02 INFO  __main__ |   HYP_ANCHOR_T = 4.0
2026-06-02 19:31:02 INFO  __main__ |   HYP_BOX = 0.05
2026-06-02 19:31:02 INFO  __main__ |   HYP_CLS = 0.5
2026-06-02 19:31:02 INFO  __main__ |   HYP_CLS_PW = 1.0
2026-06-02 19:31:02 INFO  __main__ |   HYP_FL_GAMMA = 0.0
2026-06-02 19:31:02 INFO  __main__ |   HYP_IOU_T = 0.2
2026-06-02 19:31:02 INFO  __main__ |   HYP_LABEL_SMOOTHING = 0.0
2026-06-02 19:31:02 INFO  __main__ |   HYP_OBJ = 1.0
2026-06-02 19:31:02 INFO  __main__ |   HYP_OBJ_PW = 1.0
2026-06-02 19:31:02 INFO  __main__ |   IMAGE_ROOT = /home/debian/Master-Thesis
2026-06-02 19:31:02 INFO  __main__ |   IMAGE_SIZE = 640
2026-06-02 19:31:02 INFO  __main__ |   LEARNING_RATE = 0.001
2026-06-02 19:31:02 INFO  __main__ |   LRF = 0.01
2026-06-02 19:31:02 INFO  __main__ |   MLFLOW_EXPERIMENT_DEFAULT = yolov5s-wildlife225
2026-06-02 19:31:02 INFO  __main__ |   MLFLOW_LOG_EVERY_N_STEPS = 50
2026-06-02 19:31:02 INFO  __main__ |   MODEL_CONFIG = yolov5s.yaml
2026-06-02 19:31:02 INFO  __main__ |   MOMENTUM = 0.937
2026-06-02 19:31:02 INFO  __main__ |   NESTEROV = True
2026-06-02 19:31:02 INFO  __main__ |   NUM_CLASSES = 225
2026-06-02 19:31:02 INFO  __main__ |   NUM_WORKERS = 8
2026-06-02 19:31:02 INFO  __main__ |   OPTIMIZER = SGD
2026-06-02 19:31:02 INFO  __main__ |   OUTPUT_DIR = /home/debian/Master-Thesis/scripts/training/yolov5s/model_exports
2026-06-02 19:31:02 INFO  __main__ |   PRETRAINED_WEIGHTS = /home/debian/Master-Thesis/weights/yolov5s.pt
2026-06-02 19:31:02 INFO  __main__ |   REPO_ROOT = /home/debian/Master-Thesis
2026-06-02 19:31:02 INFO  __main__ |   SEED = 42
2026-06-02 19:31:02 INFO  __main__ |   WARMUP_BIAS_LR = 0.1
2026-06-02 19:31:02 INFO  __main__ |   WARMUP_EPOCHS = 3
2026-06-02 19:31:02 INFO  __main__ |   WARMUP_MOMENTUM = 0.8
2026-06-02 19:31:02 INFO  __main__ |   WEIGHT_DECAY = 0.0005
2026-06-02 19:31:02 INFO  __main__ |   dataset_size_test = 12545
2026-06-02 19:31:02 INFO  __main__ |   dataset_size_train = 12545
2026-06-02 19:31:02 INFO  __main__ |   dataset_size_val = 12545
2026-06-02 19:31:02 INFO  __main__ |   device = cuda
2026-06-02 19:31:02 INFO  __main__ |   epochs_actual = 1
2026-06-02 19:31:02 INFO  __main__ |   git_sha = 20233767fe3b9568f9767df1001efa58dae5a8a1
2026-06-02 19:31:02 INFO  __main__ |   smoke = True
2026-06-02 19:31:02 INFO  scripts.training.yolov5s.training_pipeline | output dir: /home/debian/Master-Thesis/scripts/training/yolov5s/model_exports
2026-06-02 19:31:02 INFO  scripts.training.yolov5s.training_pipeline | starting training: 1 epochs | train_batches=784 val_batches=785 test_batches=785 | device=cuda
2026-06-02 19:31:02 INFO  scripts.training.yolov5s.training_pipeline | epoch 1/1 — train start (lr=0.000333333, batches=784)
2026-06-02 19:31:21 INFO  scripts.training.yolov5s.training_pipeline | step 50 | box=0.0377 obj=0.0205 cls=0.0297 total=1.4076 lr=0.000333333
2026-06-02 19:31:38 INFO  scripts.training.yolov5s.training_pipeline | step 100 | box=0.0411 obj=0.0168 cls=0.0484 total=1.7005 lr=0.000333333
2026-06-02 19:31:56 INFO  scripts.training.yolov5s.training_pipeline | step 150 | box=0.0284 obj=0.0144 cls=0.0292 total=1.1521 lr=0.000333333
2026-06-02 19:32:13 INFO  scripts.training.yolov5s.training_pipeline | step 200 | box=0.0200 obj=0.0118 cls=0.0292 total=0.9761 lr=0.000333333
2026-06-02 19:32:29 INFO  scripts.training.yolov5s.training_pipeline | step 250 | box=0.0257 obj=0.0108 cls=0.0425 total=1.2649 lr=0.000333333
2026-06-02 19:32:45 INFO  scripts.training.yolov5s.training_pipeline | step 300 | box=0.0288 obj=0.0114 cls=0.0441 total=1.3475 lr=0.000333333
2026-06-02 19:33:02 INFO  scripts.training.yolov5s.training_pipeline | step 350 | box=0.0193 obj=0.0108 cls=0.0296 total=0.9560 lr=0.000333333
2026-06-02 19:33:17 INFO  scripts.training.yolov5s.training_pipeline | step 400 | box=0.0200 obj=0.0104 cls=0.0296 total=0.9597 lr=0.000333333
2026-06-02 19:33:33 INFO  scripts.training.yolov5s.training_pipeline | step 450 | box=0.0340 obj=0.0089 cls=0.0420 total=1.3582 lr=0.000333333
2026-06-02 19:33:50 INFO  scripts.training.yolov5s.training_pipeline | step 500 | box=0.0364 obj=0.0091 cls=0.0423 total=1.4046 lr=0.000333333
2026-06-02 19:34:06 INFO  scripts.training.yolov5s.training_pipeline | step 550 | box=0.0284 obj=0.0100 cls=0.0445 total=1.3258 lr=0.000333333
2026-06-02 19:34:23 INFO  scripts.training.yolov5s.training_pipeline | step 600 | box=0.0159 obj=0.0083 cls=0.0290 total=0.8506 lr=0.000333333
2026-06-02 19:34:38 INFO  scripts.training.yolov5s.training_pipeline | step 650 | box=0.0233 obj=0.0098 cls=0.0422 total=1.2048 lr=0.000333333
2026-06-02 19:34:55 INFO  scripts.training.yolov5s.training_pipeline | step 700 | box=0.0304 obj=0.0085 cls=0.0422 total=1.2964 lr=0.000333333
2026-06-02 19:35:10 INFO  scripts.training.yolov5s.training_pipeline | step 750 | box=0.0160 obj=0.0075 cls=0.0291 total=0.8415 lr=0.000333333
2026-06-02 19:35:22 INFO  scripts.training.yolov5s.training_pipeline | epoch 1/1 — train done in 259.1s | avg box=0.0297 obj=0.0117 cls=0.0366 total=1.2479
2026-06-02 19:35:22 INFO  scripts.training.yolov5s.evaluation | evaluating on 785 batches
2026-06-02 19:41:28 INFO  scripts.training.yolov5s.training_pipeline | epoch 1/1 — val mAP50=0.0010 mAP50_95=0.0007
2026-06-02 19:41:29 INFO  scripts.training.yolov5s.evaluation | mlflow: logged val/mAP50=0.0010 val/mAP50_95=0.0007 (step=0)
2026-06-02 19:41:31 INFO  scripts.training.yolov5s.evaluation | mlflow: logged val per-class AP table (203 classes)
2026-06-02 19:41:31 INFO  scripts.training.yolov5s.training_pipeline | scheduler stepped — next epoch lr=0.000666667
2026-06-02 19:41:31 INFO  scripts.training.yolov5s.training_pipeline | saved checkpoint: /home/debian/Master-Thesis/scripts/training/yolov5s/model_exports/best.pt
2026-06-02 19:41:31 INFO  scripts.training.yolov5s.training_pipeline | new best mAP50=0.0010 at epoch 1
2026-06-02 19:41:31 INFO  scripts.training.yolov5s.training_pipeline | saved checkpoint: /home/debian/Master-Thesis/scripts/training/yolov5s/model_exports/last.pt
2026-06-02 19:41:31 INFO  scripts.training.yolov5s.training_pipeline | training finished — running final test evaluation
2026-06-02 19:41:31 INFO  scripts.training.yolov5s.evaluation | evaluating on 785 batches
2026-06-02 19:48:12 INFO  scripts.training.yolov5s.training_pipeline | test mAP50=0.0010 mAP50_95=0.0007
2026-06-02 19:48:12 INFO  scripts.training.yolov5s.evaluation | mlflow: logged test/mAP50=0.0010 test/mAP50_95=0.0007 (step=None)
2026-06-02 19:48:14 INFO  scripts.training.yolov5s.evaluation | mlflow: logged test per-class AP table (203 classes)
2026-06-02 19:48:28 INFO  scripts.training.yolov5s.training_pipeline | uploaded checkpoints to MLflow
2026-06-02 19:48:28 INFO  __main__ | uploaded log artifact: /home/debian/Master-Thesis/scripts/training/yolov5s/model_exports/yolov5s-smoke-20260602-193101.log
