2026-07-01 22:30:23 INFO  __main__ | === yolo26n training run ===
2026-07-01 22:30:23 INFO  __main__ | run_name=yolo26n-smoke-20260701-223023 experiment=yolo26n-wildlife225
2026-07-01 22:30:23 INFO  __main__ | mlflow tracking_uri=(unset)
2026-07-01 22:30:23 INFO  __main__ | run dir: /home/ubuntu/Master-Thesis/scripts/training/yolo26n/model_exports/yolo26n-smoke-20260701-223023
2026-07-01 22:30:23 INFO  __main__ | log file: /home/ubuntu/Master-Thesis/scripts/training/yolo26n/model_exports/yolo26n-smoke-20260701-223023/yolo26n-smoke-20260701-223023.log
2026-07-01 22:30:24 INFO  __main__ | seed=42 device=cuda epochs=1 smoke=True
2026-07-01 22:30:24 INFO  scripts.training.yolov5s.dataset | dataset annotations_val.json: 12545 images, 12519 annotations, 225 classes
2026-07-01 22:30:24 INFO  scripts.training.yolov5s.dataset | dataset annotations_val.json: 12545 images, 12519 annotations, 225 classes
2026-07-01 22:30:24 INFO  scripts.training.yolov5s.dataset | dataset annotations_val.json: 12545 images, 12519 annotations, 225 classes
2026-07-01 22:30:30 INFO  scripts.training.yolo26n.yolo26n_model | no pretrained weights — training from random initialization
2026-07-01 22:30:31 INFO  scripts.training.yolo26n.yolo26n_model | model: yolo26n, nc=225, params=2.71M, device=cuda
2026-07-01 22:30:31 INFO  scripts.training.yolov5s.yolov5s_model | optimizer=SGD lr=0.001 | param groups: g0(BN,no-decay)=114 g1(conv,decay=0.0005)=126 g2(bias,no-decay)=126
2026-07-01 22:30:31 INFO  scripts.training.yolov5s.yolov5s_model | scheduler: linear warmup 3 epochs (in loop) → ReduceLROnPlateau(mode=max, factor=0.5, patience=5, min_lr=1e-05, threshold=0.001 abs)
2026-07-01 22:30:31 INFO  __main__ | run config:
2026-07-01 22:30:31 INFO  __main__ |   ANNOTATIONS_TEST = /home/ubuntu/Master-Thesis/data/real/annotations_test.json
2026-07-01 22:30:31 INFO  __main__ |   ANNOTATIONS_TRAIN = /home/ubuntu/Master-Thesis/data/real/annotations_train.json
2026-07-01 22:30:31 INFO  __main__ |   ANNOTATIONS_VAL = /home/ubuntu/Master-Thesis/data/real/annotations_val.json
2026-07-01 22:30:31 INFO  __main__ |   AUG_CLOSE_MOSAIC = 0
2026-07-01 22:30:31 INFO  __main__ |   AUG_COPY_PASTE = 0.0
2026-07-01 22:30:31 INFO  __main__ |   AUG_DEGREES = 0.0
2026-07-01 22:30:31 INFO  __main__ |   AUG_FLIPUD = 0.0
2026-07-01 22:30:31 INFO  __main__ |   AUG_HFLIP = True
2026-07-01 22:30:31 INFO  __main__ |   AUG_HSV = True
2026-07-01 22:30:31 INFO  __main__ |   AUG_HSV_H = 0.015
2026-07-01 22:30:31 INFO  __main__ |   AUG_HSV_S = 0.7
2026-07-01 22:30:31 INFO  __main__ |   AUG_HSV_V = 0.4
2026-07-01 22:30:31 INFO  __main__ |   AUG_MIXUP = 0.0
2026-07-01 22:30:31 INFO  __main__ |   AUG_MOSAIC = 0.0
2026-07-01 22:30:31 INFO  __main__ |   AUG_PERSPECTIVE = 0.0
2026-07-01 22:30:31 INFO  __main__ |   AUG_SCALE = 0.5
2026-07-01 22:30:31 INFO  __main__ |   AUG_SHEAR = 0.0
2026-07-01 22:30:31 INFO  __main__ |   AUG_TRANSLATE = 0.1
2026-07-01 22:30:31 INFO  __main__ |   BATCH_SIZE = 32
2026-07-01 22:30:31 INFO  __main__ |   DATA_ROOT = /home/ubuntu/Master-Thesis/data
2026-07-01 22:30:31 INFO  __main__ |   EARLY_STOP = True
2026-07-01 22:30:31 INFO  __main__ |   EARLY_STOP_MIN_DELTA = 0.001
2026-07-01 22:30:31 INFO  __main__ |   EARLY_STOP_PATIENCE = 20
2026-07-01 22:30:31 INFO  __main__ |   EPOCH_COUNT = 200
2026-07-01 22:30:31 INFO  __main__ |   EVAL_CONF_THRES = 0.001
2026-07-01 22:30:31 INFO  __main__ |   EVAL_IOU_THRES = 0.6
2026-07-01 22:30:31 INFO  __main__ |   EVAL_MAX_DET = 100
2026-07-01 22:30:31 INFO  __main__ |   HYP_BOX = 7.5
2026-07-01 22:30:31 INFO  __main__ |   HYP_CLS = 0.5
2026-07-01 22:30:31 INFO  __main__ |   HYP_DFL = 1.5
2026-07-01 22:30:31 INFO  __main__ |   IMAGE_ROOT = /home/ubuntu/Master-Thesis
2026-07-01 22:30:31 INFO  __main__ |   IMAGE_SIZE = 640
2026-07-01 22:30:31 INFO  __main__ |   LEARNING_RATE = 0.001
2026-07-01 22:30:31 INFO  __main__ |   MLFLOW_EXPERIMENT_DEFAULT = yolo26n-wildlife225
2026-07-01 22:30:31 INFO  __main__ |   MLFLOW_LOG_EVERY_N_STEPS = 50
2026-07-01 22:30:31 INFO  __main__ |   MODEL_CONFIG = yolo26n.yaml
2026-07-01 22:30:31 INFO  __main__ |   MOMENTUM = 0.937
2026-07-01 22:30:31 INFO  __main__ |   NESTEROV = True
2026-07-01 22:30:31 INFO  __main__ |   NUM_CLASSES = 225
2026-07-01 22:30:31 INFO  __main__ |   NUM_WORKERS = 8
2026-07-01 22:30:31 INFO  __main__ |   OPTIMIZER = SGD
2026-07-01 22:30:31 INFO  __main__ |   OUTPUT_DIR = /home/ubuntu/Master-Thesis/scripts/training/yolo26n/model_exports
2026-07-01 22:30:31 INFO  __main__ |   PLATEAU_FACTOR = 0.5
2026-07-01 22:30:31 INFO  __main__ |   PLATEAU_MIN_LR = 1e-05
2026-07-01 22:30:31 INFO  __main__ |   PLATEAU_PATIENCE = 5
2026-07-01 22:30:31 INFO  __main__ |   PRETRAINED_WEIGHTS = /home/ubuntu/Master-Thesis/weights/yolo26n.pt
2026-07-01 22:30:31 INFO  __main__ |   REPO_ROOT = /home/ubuntu/Master-Thesis
2026-07-01 22:30:31 INFO  __main__ |   SEED = 42
2026-07-01 22:30:31 INFO  __main__ |   SELECTION_METRIC = mAP50_95
2026-07-01 22:30:31 INFO  __main__ |   USE_AMP = True
2026-07-01 22:30:31 INFO  __main__ |   USE_EMA = True
2026-07-01 22:30:31 INFO  __main__ |   WARMUP_EPOCHS = 3
2026-07-01 22:30:31 INFO  __main__ |   WEIGHT_DECAY = 0.0005
2026-07-01 22:30:31 INFO  __main__ |   dataset_size_test = 12545
2026-07-01 22:30:31 INFO  __main__ |   dataset_size_train = 12545
2026-07-01 22:30:31 INFO  __main__ |   dataset_size_val = 12545
2026-07-01 22:30:31 INFO  __main__ |   device = cuda
2026-07-01 22:30:31 INFO  __main__ |   epochs_actual = 1
2026-07-01 22:30:31 INFO  __main__ |   git_sha = 9484080c5c2661a500c7ba06196da48a617e8fda
2026-07-01 22:30:31 INFO  __main__ |   smoke = True
2026-07-01 22:30:31 INFO  scripts.training.yolov5s.training_pipeline | output dir: /home/ubuntu/Master-Thesis/scripts/training/yolo26n/model_exports/yolo26n-smoke-20260701-223023 | selection_metric=mAP50_95 early_stop=True(patience=20, min_delta=0.001) ema=True amp=True
2026-07-01 22:30:31 INFO  scripts.training.yolov5s.training_pipeline | starting training: ceiling=1 epochs | train_batches=392 val_batches=393 test_batches=393 | device=cuda
2026-07-01 22:30:31 INFO  scripts.training.yolov5s.training_pipeline | epoch 1/1 — train start (lr=0.000333333, batches=392)
2026-07-01 22:32:44 INFO  scripts.training.yolov5s.training_pipeline | step 50 | loss_box=2.9491 loss_cls=18.1725 loss_dfl=0.0591 loss_total=446.3831 lr=0.000333333
2026-07-01 22:34:46 INFO  scripts.training.yolov5s.training_pipeline | step 100 | loss_box=3.0887 loss_cls=16.5651 loss_dfl=0.0849 loss_total=401.3065 lr=0.000333333
2026-07-01 22:36:46 INFO  scripts.training.yolov5s.training_pipeline | step 150 | loss_box=3.1120 loss_cls=15.0343 loss_dfl=0.0829 loss_total=385.7326 lr=0.000333333
2026-07-01 22:38:51 INFO  scripts.training.yolov5s.training_pipeline | step 200 | loss_box=2.8025 loss_cls=12.7674 loss_dfl=0.0562 loss_total=368.4175 lr=0.000333333
2026-07-01 22:40:51 INFO  scripts.training.yolov5s.training_pipeline | step 250 | loss_box=2.8967 loss_cls=11.7289 loss_dfl=0.0711 loss_total=358.2840 lr=0.000333333
2026-07-01 22:42:54 INFO  scripts.training.yolov5s.training_pipeline | step 300 | loss_box=2.4065 loss_cls=10.0015 loss_dfl=0.0527 loss_total=335.0580 lr=0.000333333
2026-07-01 22:44:56 INFO  scripts.training.yolov5s.training_pipeline | step 350 | loss_box=2.5039 loss_cls=9.4545 loss_dfl=0.0484 loss_total=332.2432 lr=0.000333333
2026-07-01 22:46:38 INFO  scripts.training.yolov5s.training_pipeline | epoch 1/1 — train done in 966.9s | avg loss_box=2.9223 loss_cls=14.2731 loss_dfl=0.0669 loss_total=387.6298
2026-07-01 22:46:38 INFO  scripts.training.yolov5s.evaluation | evaluating on 393 batches
2026-07-01 23:01:12 INFO  scripts.training.yolov5s.training_pipeline | epoch 1/1 — val mAP50=0.0000 mAP50_95=0.0000 (selection mAP50_95=0.0000)
2026-07-01 23:01:12 INFO  scripts.training.yolov5s.evaluation | mlflow: logged val/mAP50=0.0000 val/mAP50_95=0.0000 (step=0)
2026-07-01 23:01:12 INFO  scripts.training.yolov5s.evaluation | mlflow: logged val per-class AP table (175 classes)
2026-07-01 23:01:12 INFO  scripts.training.yolov5s.training_pipeline | saved checkpoint: /home/ubuntu/Master-Thesis/scripts/training/yolo26n/model_exports/yolo26n-smoke-20260701-223023/best.pt
2026-07-01 23:01:12 INFO  scripts.training.yolov5s.training_pipeline | new best mAP50_95=0.0000 at epoch 1
2026-07-01 23:01:12 INFO  scripts.training.yolov5s.training_pipeline | epoch 1/1 done — next lr=0.000333333, epochs_since_improve=0/20
2026-07-01 23:01:12 INFO  scripts.training.yolov5s.training_pipeline | saved checkpoint: /home/ubuntu/Master-Thesis/scripts/training/yolo26n/model_exports/yolo26n-smoke-20260701-223023/last.pt
2026-07-01 23:01:12 INFO  scripts.training.yolov5s.training_pipeline | training finished — loading best.pt for final test evaluation
2026-07-01 23:01:15 INFO  scripts.training.yolov5s.training_pipeline | loaded best.pt (mAP50_95=0.0000 @ epoch 0)
2026-07-01 23:01:15 INFO  scripts.training.yolov5s.evaluation | evaluating on 393 batches
2026-07-01 23:15:52 INFO  scripts.training.yolov5s.training_pipeline | test mAP50=0.0000 mAP50_95=0.0000
2026-07-01 23:15:52 INFO  scripts.training.yolov5s.evaluation | mlflow: logged test/mAP50=0.0000 test/mAP50_95=0.0000 (step=None)
2026-07-01 23:15:52 INFO  scripts.training.yolov5s.evaluation | mlflow: logged test per-class AP table (175 classes)
2026-07-01 23:15:52 INFO  scripts.training.yolov5s.training_pipeline | uploaded checkpoints to MLflow
2026-07-01 23:15:52 INFO  __main__ | uploaded log artifact: /home/ubuntu/Master-Thesis/scripts/training/yolo26n/model_exports/yolo26n-smoke-20260701-223023/yolo26n-smoke-20260701-223023.log
